Component: ARM Compiler 5.06 update 5 (build 528) Tool: armlink [4d35e2]

==============================================================================

Section Cross References

    main.o(.text) refers to stm32f0xx_tim.o(.text) for TIM_SetCompare4
    main.o(.text) refers to uidiv.o(.text) for __aeabi_uidivmod
    main.o(.text) refers to helper.o(.text) for Delay
    main.o(.text) refers to stm32f0xx_rcc.o(.text) for RCC_APB1PeriphClockCmd
    main.o(.text) refers to stm32f0xx_gpio.o(.text) for GPIO_Init
    main.o(.text) refers to main.o(.data) for .data
    main.o(.text) refers to system_stm32f0xx.o(.data) for SystemCoreClock
    bthq21605v.o(.text) refers to stm32f0xx_rcc.o(.text) for RCC_I2CCLKConfig
    bthq21605v.o(.text) refers to stm32f0xx_gpio.o(.text) for GPIO_StructInit
    bthq21605v.o(.text) refers to stm32f0xx_i2c.o(.text) for I2C_StructInit
    bthq21605v.o(.text) refers to uidiv.o(.text) for __aeabi_uidivmod
    bthq21605v.o(.text) refers to helper.o(.text) for Delay
    bthq21605v.o(.text) refers to bthq21605v.o(.data) for .data
    bthq21605v.o(.text) refers to system_stm32f0xx.o(.data) for SystemCoreClock
    stm32f0xx_it.o(.text) refers to stm32f0_discovery.o(.text) for STM_EVAL_LEDToggle
    stm32f0xx_it.o(.text) refers to stm32f0xx_tim.o(.text) for TIM_GetITStatus
    stm32f0xx_it.o(.text) refers to usart.o(.data) for rx_buffer
    usart.o(.text) refers to idiv.o(.text) for __aeabi_idivmod
    hih8120.o(.text) refers to bthq21605v.o(.text) for BTHQ21605V_WaitForI2CFlag
    hih8120.o(.text) refers to stm32f0xx_i2c.o(.text) for I2C_TransferHandling
    hih8120.o(.text) refers to uidiv.o(.text) for __aeabi_uidivmod
    hih8120.o(.text) refers to helper.o(.text) for Delay
    hih8120.o(.text) refers to dflti.o(.text) for __aeabi_i2d
    hih8120.o(.text) refers to ddiv.o(.text) for __aeabi_ddiv
    hih8120.o(.text) refers to dmul.o(.text) for __aeabi_dmul
    hih8120.o(.text) refers to dadd.o(.text) for __aeabi_dsub
    hih8120.o(.text) refers to system_stm32f0xx.o(.data) for SystemCoreClock
    stm32f0_discovery.o(.text) refers to stm32f0xx_rcc.o(.text) for RCC_AHBPeriphClockCmd
    stm32f0_discovery.o(.text) refers to stm32f0xx_gpio.o(.text) for GPIO_Init
    stm32f0_discovery.o(.text) refers to stm32f0xx_syscfg.o(.text) for SYSCFG_EXTILineConfig
    stm32f0_discovery.o(.text) refers to stm32f0xx_exti.o(.text) for EXTI_Init
    stm32f0_discovery.o(.text) refers to stm32f0xx_misc.o(.text) for NVIC_Init
    stm32f0_discovery.o(.text) refers to stm32f0_discovery.o(.constdata) for .constdata
    stm32f0_discovery.o(.text) refers to stm32f0_discovery.o(.data) for .data
    stm32f0xx_gpio.o(.text) refers to stm32f0xx_rcc.o(.text) for RCC_AHBPeriphResetCmd
    stm32f0xx_i2c.o(.text) refers to stm32f0xx_rcc.o(.text) for RCC_APB1PeriphResetCmd
    stm32f0xx_rcc.o(.text) refers to uidiv.o(.text) for __aeabi_uidivmod
    stm32f0xx_rcc.o(.text) refers to stm32f0xx_rcc.o(.data) for .data
    stm32f0xx_tim.o(.text) refers to stm32f0xx_rcc.o(.text) for RCC_APB1PeriphResetCmd
    startup_stm32f0xx.o(RESET) refers to startup_stm32f0xx.o(STACK) for __initial_sp
    startup_stm32f0xx.o(RESET) refers to startup_stm32f0xx.o(.text) for Reset_Handler
    startup_stm32f0xx.o(RESET) refers to stm32f0xx_it.o(.text) for NMI_Handler
    startup_stm32f0xx.o(.text) refers to system_stm32f0xx.o(.text) for SystemInit
    startup_stm32f0xx.o(.text) refers to entry.o(.ARM.Collect$$$$00000000) for __main
    system_stm32f0xx.o(.text) refers to uidiv.o(.text) for __aeabi_uidivmod
    system_stm32f0xx.o(.text) refers to system_stm32f0xx.o(.data) for .data
    entry.o(.ARM.Collect$$$$00000000) refers (Special) to entry10a.o(.ARM.Collect$$$$0000000D) for __rt_final_cpp
    entry.o(.ARM.Collect$$$$00000000) refers (Special) to entry11a.o(.ARM.Collect$$$$0000000F) for __rt_final_exit
    entry.o(.ARM.Collect$$$$00000000) refers (Special) to entry7b.o(.ARM.Collect$$$$00000008) for _main_clock
    entry.o(.ARM.Collect$$$$00000000) refers (Special) to entry8b.o(.ARM.Collect$$$$0000000A) for _main_cpp_init
    entry.o(.ARM.Collect$$$$00000000) refers (Special) to entry9a.o(.ARM.Collect$$$$0000000B) for _main_init
    entry.o(.ARM.Collect$$$$00000000) refers (Special) to entry5.o(.ARM.Collect$$$$00000004) for _main_scatterload
    entry.o(.ARM.Collect$$$$00000000) refers (Special) to entry2.o(.ARM.Collect$$$$00000001) for _main_stk
    idiv.o(.text) refers to uidiv.o(.text) for __aeabi_uidivmod
    dadd.o(.text) refers (Special) to iusefp.o(.text) for __I$use$fp
    dadd.o(.text) refers to llshl.o(.text) for __aeabi_llsl
    dadd.o(.text) refers to llsshr.o(.text) for __aeabi_lasr
    dadd.o(.text) refers to depilogue.o(.text) for _double_epilogue
    dmul.o(.text) refers (Special) to iusefp.o(.text) for __I$use$fp
    dmul.o(.text) refers to depilogue.o(.text) for _double_epilogue
    ddiv.o(.text) refers (Special) to iusefp.o(.text) for __I$use$fp
    ddiv.o(.text) refers to depilogue.o(.text) for _double_round
    dflti.o(.text) refers (Special) to iusefp.o(.text) for __I$use$fp
    dflti.o(.text) refers to depilogue.o(.text) for _double_epilogue
    entry2.o(.ARM.Collect$$$$00000001) refers to entry2.o(.ARM.Collect$$$$00002712) for __lit__00000000
    entry2.o(.ARM.Collect$$$$00002712) refers to startup_stm32f0xx.o(STACK) for __initial_sp
    entry2.o(__vectab_stack_and_reset_area) refers to startup_stm32f0xx.o(STACK) for __initial_sp
    entry2.o(__vectab_stack_and_reset_area) refers to entry.o(.ARM.Collect$$$$00000000) for __main
    entry5.o(.ARM.Collect$$$$00000004) refers to init.o(.text) for __scatterload
    entry9a.o(.ARM.Collect$$$$0000000B) refers to main.o(.text) for main
    entry9b.o(.ARM.Collect$$$$0000000C) refers to main.o(.text) for main
    depilogue.o(.text) refers to depilogue.o(i.__ARM_clz) for __ARM_clz
    depilogue.o(.text) refers to llshl.o(.text) for __aeabi_llsl
    depilogue.o(.text) refers to llushr.o(.text) for __aeabi_llsr
    init.o(.text) refers to entry5.o(.ARM.Collect$$$$00000004) for __main_after_scatterload


==============================================================================

Removing Unused input sections from the image.

    Removing main.o(.emb_text), (8 bytes).
    Removing bthq21605v.o(.emb_text), (8 bytes).
    Removing bthq21605v.o(.text), (1134 bytes).
    Removing bthq21605v.o(.data), (4 bytes).
    Removing helper.o(.emb_text), (8 bytes).
    Removing stm32f0xx_it.o(.emb_text), (8 bytes).
    Removing usart.o(.emb_text), (8 bytes).
    Removing usart.o(.text), (292 bytes).
    Removing hih8120.o(.emb_text), (8 bytes).
    Removing hih8120.o(.text), (248 bytes).
    Removing stm32f0_discovery.o(.emb_text), (8 bytes).
    Removing stm32f0xx_exti.o(.emb_text), (8 bytes).
    Removing stm32f0xx_gpio.o(.emb_text), (8 bytes).
    Removing stm32f0xx_i2c.o(.emb_text), (8 bytes).
    Removing stm32f0xx_i2c.o(.text), (832 bytes).
    Removing stm32f0xx_misc.o(.emb_text), (8 bytes).
    Removing stm32f0xx_rcc.o(.emb_text), (8 bytes).
    Removing stm32f0xx_syscfg.o(.emb_text), (8 bytes).
    Removing stm32f0xx_tim.o(.emb_text), (8 bytes).
    Removing startup_stm32f0xx.o(HEAP), (512 bytes).
    Removing system_stm32f0xx.o(.emb_text), (8 bytes).
    Removing dadd.o(.text), (356 bytes).
    Removing dmul.o(.text), (208 bytes).
    Removing ddiv.o(.text), (240 bytes).
    Removing dflti.o(.text), (40 bytes).
    Removing depilogue.o(.text), (190 bytes).
    Removing depilogue.o(i.__ARM_clz), (46 bytes).

27 unused section(s) (total 4222 bytes) removed from the image.

==============================================================================

Image Symbol Table

    Local Symbols

    Symbol Name                              Value     Ov Type        Size  Object(Section)

    ../clib/microlib/division.c              0x00000000   Number         0  idiv.o ABSOLUTE
    ../clib/microlib/division.c              0x00000000   Number         0  uidiv.o ABSOLUTE
    ../clib/microlib/init/entry.s            0x00000000   Number         0  entry8a.o ABSOLUTE
    ../clib/microlib/init/entry.s            0x00000000   Number         0  entry10a.o ABSOLUTE
    ../clib/microlib/init/entry.s            0x00000000   Number         0  entry9b.o ABSOLUTE
    ../clib/microlib/init/entry.s            0x00000000   Number         0  entry11b.o ABSOLUTE
    ../clib/microlib/init/entry.s            0x00000000   Number         0  entry.o ABSOLUTE
    ../clib/microlib/init/entry.s            0x00000000   Number         0  entry10b.o ABSOLUTE
    ../clib/microlib/init/entry.s            0x00000000   Number         0  entry11a.o ABSOLUTE
    ../clib/microlib/init/entry.s            0x00000000   Number         0  entry9a.o ABSOLUTE
    ../clib/microlib/init/entry.s            0x00000000   Number         0  entry7b.o ABSOLUTE
    ../clib/microlib/init/entry.s            0x00000000   Number         0  entry7a.o ABSOLUTE
    ../clib/microlib/init/entry.s            0x00000000   Number         0  entry8b.o ABSOLUTE
    ../clib/microlib/init/entry.s            0x00000000   Number         0  entry5.o ABSOLUTE
    ../clib/microlib/init/entry.s            0x00000000   Number         0  entry2.o ABSOLUTE
    ../clib/microlib/longlong.c              0x00000000   Number         0  llshl.o ABSOLUTE
    ../clib/microlib/longlong.c              0x00000000   Number         0  llsshr.o ABSOLUTE
    ../clib/microlib/longlong.c              0x00000000   Number         0  llushr.o ABSOLUTE
    ../clib/microlib/stubs.s                 0x00000000   Number         0  iusefp.o ABSOLUTE
    ../fplib/microlib/fpadd.c                0x00000000   Number         0  dadd.o ABSOLUTE
    ../fplib/microlib/fpdiv.c                0x00000000   Number         0  ddiv.o ABSOLUTE
    ../fplib/microlib/fpepilogue.c           0x00000000   Number         0  depilogue.o ABSOLUTE
    ../fplib/microlib/fpflt.c                0x00000000   Number         0  dflti.o ABSOLUTE
    ../fplib/microlib/fpmul.c                0x00000000   Number         0  dmul.o ABSOLUTE
    ..\..\libraries\STM32F0xx_StdPeriph_Driver\src\stm32f0xx_exti.c 0x00000000   Number         0  stm32f0xx_exti.o ABSOLUTE
    ..\..\libraries\STM32F0xx_StdPeriph_Driver\src\stm32f0xx_gpio.c 0x00000000   Number         0  stm32f0xx_gpio.o ABSOLUTE
    ..\..\libraries\STM32F0xx_StdPeriph_Driver\src\stm32f0xx_i2c.c 0x00000000   Number         0  stm32f0xx_i2c.o ABSOLUTE
    ..\..\libraries\STM32F0xx_StdPeriph_Driver\src\stm32f0xx_misc.c 0x00000000   Number         0  stm32f0xx_misc.o ABSOLUTE
    ..\..\libraries\STM32F0xx_StdPeriph_Driver\src\stm32f0xx_rcc.c 0x00000000   Number         0  stm32f0xx_rcc.o ABSOLUTE
    ..\..\libraries\STM32F0xx_StdPeriph_Driver\src\stm32f0xx_syscfg.c 0x00000000   Number         0  stm32f0xx_syscfg.o ABSOLUTE
    ..\..\libraries\STM32F0xx_StdPeriph_Driver\src\stm32f0xx_tim.c 0x00000000   Number         0  stm32f0xx_tim.o ABSOLUTE
    ..\..\utilities\STM32F0-Discovery\stm32f0_discovery.c 0x00000000   Number         0  stm32f0_discovery.o ABSOLUTE
    ..\\..\\libraries\\STM32F0xx_StdPeriph_Driver\\src\\stm32f0xx_exti.c 0x00000000   Number         0  stm32f0xx_exti.o ABSOLUTE
    ..\\..\\libraries\\STM32F0xx_StdPeriph_Driver\\src\\stm32f0xx_gpio.c 0x00000000   Number         0  stm32f0xx_gpio.o ABSOLUTE
    ..\\..\\libraries\\STM32F0xx_StdPeriph_Driver\\src\\stm32f0xx_i2c.c 0x00000000   Number         0  stm32f0xx_i2c.o ABSOLUTE
    ..\\..\\libraries\\STM32F0xx_StdPeriph_Driver\\src\\stm32f0xx_misc.c 0x00000000   Number         0  stm32f0xx_misc.o ABSOLUTE
    ..\\..\\libraries\\STM32F0xx_StdPeriph_Driver\\src\\stm32f0xx_rcc.c 0x00000000   Number         0  stm32f0xx_rcc.o ABSOLUTE
    ..\\..\\libraries\\STM32F0xx_StdPeriph_Driver\\src\\stm32f0xx_syscfg.c 0x00000000   Number         0  stm32f0xx_syscfg.o ABSOLUTE
    ..\\..\\libraries\\STM32F0xx_StdPeriph_Driver\\src\\stm32f0xx_tim.c 0x00000000   Number         0  stm32f0xx_tim.o ABSOLUTE
    ..\\..\\utilities\\STM32F0-Discovery\\stm32f0_discovery.c 0x00000000   Number         0  stm32f0_discovery.o ABSOLUTE
    dc.s                                     0x00000000   Number         0  dc.o ABSOLUTE
    handlers.s                               0x00000000   Number         0  handlers.o ABSOLUTE
    init.s                                   0x00000000   Number         0  init.o ABSOLUTE
    src\HIH8120.c                            0x00000000   Number         0  hih8120.o ABSOLUTE
    src\\HIH8120.c                           0x00000000   Number         0  hih8120.o ABSOLUTE
    src\\bthq21605v.c                        0x00000000   Number         0  bthq21605v.o ABSOLUTE
    src\\helper.c                            0x00000000   Number         0  helper.o ABSOLUTE
    src\\main.c                              0x00000000   Number         0  main.o ABSOLUTE
    src\\stm32f0xx_it.c                      0x00000000   Number         0  stm32f0xx_it.o ABSOLUTE
    src\\usart.c                             0x00000000   Number         0  usart.o ABSOLUTE
    src\bthq21605v.c                         0x00000000   Number         0  bthq21605v.o ABSOLUTE
    src\helper.c                             0x00000000   Number         0  helper.o ABSOLUTE
    src\main.c                               0x00000000   Number         0  main.o ABSOLUTE
    src\stm32f0xx_it.c                       0x00000000   Number         0  stm32f0xx_it.o ABSOLUTE
    src\usart.c                              0x00000000   Number         0  usart.o ABSOLUTE
    startup\\system_stm32f0xx.c              0x00000000   Number         0  system_stm32f0xx.o ABSOLUTE
    startup\startup_stm32f0xx.s              0x00000000   Number         0  startup_stm32f0xx.o ABSOLUTE
    startup\system_stm32f0xx.c               0x00000000   Number         0  system_stm32f0xx.o ABSOLUTE
    RESET                                    0x08000000   Section      192  startup_stm32f0xx.o(RESET)
    .ARM.Collect$$$$00000000                 0x080000c0   Section        0  entry.o(.ARM.Collect$$$$00000000)
    .ARM.Collect$$$$00000001                 0x080000c0   Section        4  entry2.o(.ARM.Collect$$$$00000001)
    .ARM.Collect$$$$00000004                 0x080000c4   Section        4  entry5.o(.ARM.Collect$$$$00000004)
    .ARM.Collect$$$$00000008                 0x080000c8   Section        0  entry7b.o(.ARM.Collect$$$$00000008)
    .ARM.Collect$$$$0000000A                 0x080000c8   Section        0  entry8b.o(.ARM.Collect$$$$0000000A)
    .ARM.Collect$$$$0000000B                 0x080000c8   Section        8  entry9a.o(.ARM.Collect$$$$0000000B)
    .ARM.Collect$$$$0000000D                 0x080000d0   Section        0  entry10a.o(.ARM.Collect$$$$0000000D)
    .ARM.Collect$$$$0000000F                 0x080000d0   Section        0  entry11a.o(.ARM.Collect$$$$0000000F)
    .ARM.Collect$$$$00002712                 0x080000d0   Section        4  entry2.o(.ARM.Collect$$$$00002712)
    __lit__00000000                          0x080000d0   Data           4  entry2.o(.ARM.Collect$$$$00002712)
    .text                                    0x080000d4   Section        0  main.o(.text)
    .text                                    0x08000234   Section        0  helper.o(.text)
    .text                                    0x08000244   Section        0  stm32f0xx_it.o(.text)
    .text                                    0x08000290   Section        0  stm32f0_discovery.o(.text)
    .text                                    0x080003ac   Section        0  stm32f0xx_exti.o(.text)
    .text                                    0x08000480   Section        0  stm32f0xx_gpio.o(.text)
    .text                                    0x080005dc   Section        0  stm32f0xx_misc.o(.text)
    .text                                    0x08000658   Section        0  stm32f0xx_rcc.o(.text)
    .text                                    0x08000a64   Section        0  stm32f0xx_syscfg.o(.text)
    .text                                    0x08000afc   Section        0  stm32f0xx_tim.o(.text)
    TI2_Config                               0x080010e1   Thumb Code    42  stm32f0xx_tim.o(.text)
    TI1_Config                               0x0800111b   Thumb Code    40  stm32f0xx_tim.o(.text)
    .text                                    0x08001418   Section       28  startup_stm32f0xx.o(.text)
    .text                                    0x08001434   Section        0  system_stm32f0xx.o(.text)
    SetSysClock                              0x080014e3   Thumb Code   142  system_stm32f0xx.o(.text)
    .text                                    0x0800158c   Section        0  uidiv.o(.text)
    .text                                    0x080015b8   Section       36  init.o(.text)
    i.__scatterload_copy                     0x080015dc   Section       14  handlers.o(i.__scatterload_copy)
    i.__scatterload_null                     0x080015ea   Section        2  handlers.o(i.__scatterload_null)
    i.__scatterload_zeroinit                 0x080015ec   Section       14  handlers.o(i.__scatterload_zeroinit)
    .constdata                               0x080015fc   Section       28  stm32f0_discovery.o(.constdata)
    .data                                    0x20000000   Section        4  main.o(.data)
    .data                                    0x20000004   Section        1  usart.o(.data)
    .data                                    0x20000008   Section       12  stm32f0_discovery.o(.data)
    .data                                    0x20000014   Section       16  stm32f0xx_rcc.o(.data)
    APBAHBPrescTable                         0x20000014   Data          16  stm32f0xx_rcc.o(.data)
    .data                                    0x20000024   Section       20  system_stm32f0xx.o(.data)
    STACK                                    0x20000038   Section     1024  startup_stm32f0xx.o(STACK)

    Global Symbols

    Symbol Name                              Value     Ov Type        Size  Object(Section)

    BuildAttributes$$THM_ISAv3M$S$PE$A:L22$X:L11$S22$IEEE1$IW$USESV6$~STKCKD$USESV7$~SHL$OSPACE$ROPI$EBA8$MICROLIB$REQ8$PRES8$EABIv2 0x00000000   Number         0  anon$$obj.o ABSOLUTE
    __ARM_use_no_argv                        0x00000000   Number         0  main.o ABSOLUTE
    __cpp_initialize__aeabi_                  - Undefined Weak Reference
    __cxa_finalize                            - Undefined Weak Reference
    __decompress                              - Undefined Weak Reference
    _clock_init                               - Undefined Weak Reference
    _microlib_exit                            - Undefined Weak Reference
    __Vectors_Size                           0x000000c0   Number         0  startup_stm32f0xx.o ABSOLUTE
    __Vectors                                0x08000000   Data           4  startup_stm32f0xx.o(RESET)
    __Vectors_End                            0x080000c0   Data           0  startup_stm32f0xx.o(RESET)
    __main                                   0x080000c1   Thumb Code     0  entry.o(.ARM.Collect$$$$00000000)
    _main_stk                                0x080000c1   Thumb Code     0  entry2.o(.ARM.Collect$$$$00000001)
    _main_scatterload                        0x080000c5   Thumb Code     0  entry5.o(.ARM.Collect$$$$00000004)
    __main_after_scatterload                 0x080000c9   Thumb Code     0  entry5.o(.ARM.Collect$$$$00000004)
    _main_clock                              0x080000c9   Thumb Code     0  entry7b.o(.ARM.Collect$$$$00000008)
    _main_cpp_init                           0x080000c9   Thumb Code     0  entry8b.o(.ARM.Collect$$$$0000000A)
    _main_init                               0x080000c9   Thumb Code     0  entry9a.o(.ARM.Collect$$$$0000000B)
    __rt_final_cpp                           0x080000d1   Thumb Code     0  entry10a.o(.ARM.Collect$$$$0000000D)
    __rt_final_exit                          0x080000d1   Thumb Code     0  entry11a.o(.ARM.Collect$$$$0000000F)
    left                                     0x080000d5   Thumb Code    56  main.o(.text)
    right                                    0x0800010d   Thumb Code    58  main.o(.text)
    main                                     0x08000147   Thumb Code   220  main.o(.text)
    Delay                                    0x08000235   Thumb Code    14  helper.o(.text)
    NMI_Handler                              0x08000245   Thumb Code     2  stm32f0xx_it.o(.text)
    HardFault_Handler                        0x08000247   Thumb Code     2  stm32f0xx_it.o(.text)
    SVC_Handler                              0x08000249   Thumb Code     2  stm32f0xx_it.o(.text)
    PendSV_Handler                           0x0800024b   Thumb Code     2  stm32f0xx_it.o(.text)
    SysTick_Handler                          0x0800024d   Thumb Code     2  stm32f0xx_it.o(.text)
    USART1_IRQHandler                        0x0800024f   Thumb Code    20  stm32f0xx_it.o(.text)
    EXTI0_1_IRQHandler                       0x08000263   Thumb Code    10  stm32f0xx_it.o(.text)
    TIM2_IRQHandler                          0x0800026d   Thumb Code    26  stm32f0xx_it.o(.text)
    STM_EVAL_LEDInit                         0x08000291   Thumb Code    52  stm32f0_discovery.o(.text)
    STM_EVAL_LEDOn                           0x080002c5   Thumb Code    18  stm32f0_discovery.o(.text)
    STM_EVAL_LEDOff                          0x080002d7   Thumb Code    18  stm32f0_discovery.o(.text)
    STM_EVAL_LEDToggle                       0x080002e9   Thumb Code    22  stm32f0_discovery.o(.text)
    STM_EVAL_PBInit                          0x080002ff   Thumb Code   140  stm32f0_discovery.o(.text)
    STM_EVAL_PBGetState                      0x0800038b   Thumb Code    24  stm32f0_discovery.o(.text)
    EXTI_DeInit                              0x080003ad   Thumb Code    20  stm32f0xx_exti.o(.text)
    EXTI_Init                                0x080003c1   Thumb Code   102  stm32f0xx_exti.o(.text)
    EXTI_StructInit                          0x08000427   Thumb Code    14  stm32f0xx_exti.o(.text)
    EXTI_GenerateSWInterrupt                 0x08000435   Thumb Code    10  stm32f0xx_exti.o(.text)
    EXTI_GetFlagStatus                       0x0800043f   Thumb Code    16  stm32f0xx_exti.o(.text)
    EXTI_ClearFlag                           0x0800044f   Thumb Code     6  stm32f0xx_exti.o(.text)
    EXTI_GetITStatus                         0x08000455   Thumb Code    24  stm32f0xx_exti.o(.text)
    EXTI_ClearITPendingBit                   0x0800046d   Thumb Code     6  stm32f0xx_exti.o(.text)
    GPIO_DeInit                              0x08000481   Thumb Code    78  stm32f0xx_gpio.o(.text)
    GPIO_Init                                0x080004cf   Thumb Code   112  stm32f0xx_gpio.o(.text)
    GPIO_StructInit                          0x0800053f   Thumb Code    18  stm32f0xx_gpio.o(.text)
    GPIO_PinLockConfig                       0x08000551   Thumb Code    26  stm32f0xx_gpio.o(.text)
    GPIO_ReadInputDataBit                    0x0800056b   Thumb Code    14  stm32f0xx_gpio.o(.text)
    GPIO_ReadInputData                       0x08000579   Thumb Code     4  stm32f0xx_gpio.o(.text)
    GPIO_ReadOutputDataBit                   0x0800057d   Thumb Code    14  stm32f0xx_gpio.o(.text)
    GPIO_ReadOutputData                      0x0800058b   Thumb Code     4  stm32f0xx_gpio.o(.text)
    GPIO_SetBits                             0x0800058f   Thumb Code     4  stm32f0xx_gpio.o(.text)
    GPIO_ResetBits                           0x08000593   Thumb Code     4  stm32f0xx_gpio.o(.text)
    GPIO_WriteBit                            0x08000597   Thumb Code    12  stm32f0xx_gpio.o(.text)
    GPIO_Write                               0x080005a3   Thumb Code     4  stm32f0xx_gpio.o(.text)
    GPIO_PinAFConfig                         0x080005a7   Thumb Code    32  stm32f0xx_gpio.o(.text)
    NVIC_Init                                0x080005dd   Thumb Code    70  stm32f0xx_misc.o(.text)
    NVIC_SystemLPConfig                      0x08000623   Thumb Code    18  stm32f0xx_misc.o(.text)
    SysTick_CLKSourceConfig                  0x08000635   Thumb Code    20  stm32f0xx_misc.o(.text)
    RCC_DeInit                               0x08000659   Thumb Code    78  stm32f0xx_rcc.o(.text)
    RCC_HSEConfig                            0x080006a7   Thumb Code    10  stm32f0xx_rcc.o(.text)
    RCC_GetFlagStatus                        0x080006b1   Thumb Code    48  stm32f0xx_rcc.o(.text)
    RCC_WaitForHSEStartUp                    0x080006e1   Thumb Code    44  stm32f0xx_rcc.o(.text)
    RCC_AdjustHSICalibrationValue            0x0800070d   Thumb Code    16  stm32f0xx_rcc.o(.text)
    RCC_HSICmd                               0x0800071d   Thumb Code    22  stm32f0xx_rcc.o(.text)
    RCC_AdjustHSI14CalibrationValue          0x08000733   Thumb Code    16  stm32f0xx_rcc.o(.text)
    RCC_HSI14Cmd                             0x08000743   Thumb Code    22  stm32f0xx_rcc.o(.text)
    RCC_HSI14ADCRequestCmd                   0x08000759   Thumb Code    20  stm32f0xx_rcc.o(.text)
    RCC_LSEConfig                            0x0800076d   Thumb Code    26  stm32f0xx_rcc.o(.text)
    RCC_LSEDriveConfig                       0x08000787   Thumb Code    18  stm32f0xx_rcc.o(.text)
    RCC_LSICmd                               0x08000799   Thumb Code    22  stm32f0xx_rcc.o(.text)
    RCC_PLLConfig                            0x080007af   Thumb Code    24  stm32f0xx_rcc.o(.text)
    RCC_PLLCmd                               0x080007c7   Thumb Code    22  stm32f0xx_rcc.o(.text)
    RCC_PREDIV1Config                        0x080007dd   Thumb Code    14  stm32f0xx_rcc.o(.text)
    RCC_ClockSecuritySystemCmd               0x080007eb   Thumb Code    22  stm32f0xx_rcc.o(.text)
    RCC_MCOConfig                            0x08000801   Thumb Code     6  stm32f0xx_rcc.o(.text)
    RCC_SYSCLKConfig                         0x08000807   Thumb Code    14  stm32f0xx_rcc.o(.text)
    RCC_GetSYSCLKSource                      0x08000815   Thumb Code    10  stm32f0xx_rcc.o(.text)
    RCC_HCLKConfig                           0x0800081f   Thumb Code    14  stm32f0xx_rcc.o(.text)
    RCC_PCLKConfig                           0x0800082d   Thumb Code    16  stm32f0xx_rcc.o(.text)
    RCC_ADCCLKConfig                         0x0800083d   Thumb Code    38  stm32f0xx_rcc.o(.text)
    RCC_CECCLKConfig                         0x08000863   Thumb Code    18  stm32f0xx_rcc.o(.text)
    RCC_I2CCLKConfig                         0x08000875   Thumb Code    18  stm32f0xx_rcc.o(.text)
    RCC_USARTCLKConfig                       0x08000887   Thumb Code    18  stm32f0xx_rcc.o(.text)
    RCC_GetClocksFreq                        0x08000899   Thumb Code   208  stm32f0xx_rcc.o(.text)
    RCC_RTCCLKConfig                         0x08000969   Thumb Code    10  stm32f0xx_rcc.o(.text)
    RCC_RTCCLKCmd                            0x08000973   Thumb Code    20  stm32f0xx_rcc.o(.text)
    RCC_BackupResetCmd                       0x08000987   Thumb Code    22  stm32f0xx_rcc.o(.text)
    RCC_AHBPeriphClockCmd                    0x0800099d   Thumb Code    18  stm32f0xx_rcc.o(.text)
    RCC_APB2PeriphClockCmd                   0x080009af   Thumb Code    18  stm32f0xx_rcc.o(.text)
    RCC_APB1PeriphClockCmd                   0x080009c1   Thumb Code    18  stm32f0xx_rcc.o(.text)
    RCC_AHBPeriphResetCmd                    0x080009d3   Thumb Code    18  stm32f0xx_rcc.o(.text)
    RCC_APB2PeriphResetCmd                   0x080009e5   Thumb Code    18  stm32f0xx_rcc.o(.text)
    RCC_APB1PeriphResetCmd                   0x080009f7   Thumb Code    18  stm32f0xx_rcc.o(.text)
    RCC_ITConfig                             0x08000a09   Thumb Code    18  stm32f0xx_rcc.o(.text)
    RCC_ClearFlag                            0x08000a1b   Thumb Code    14  stm32f0xx_rcc.o(.text)
    RCC_GetITStatus                          0x08000a29   Thumb Code    48  stm32f0xx_rcc.o(.text)
    RCC_ClearITPendingBit                    0x08000a59   Thumb Code     6  stm32f0xx_rcc.o(.text)
    SYSCFG_DeInit                            0x08000a65   Thumb Code    30  stm32f0xx_syscfg.o(.text)
    SYSCFG_MemoryRemapConfig                 0x08000a83   Thumb Code    14  stm32f0xx_syscfg.o(.text)
    SYSCFG_DMAChannelRemapConfig             0x08000a91   Thumb Code    18  stm32f0xx_syscfg.o(.text)
    SYSCFG_I2CFastModePlusConfig             0x08000aa3   Thumb Code    18  stm32f0xx_syscfg.o(.text)
    SYSCFG_EXTILineConfig                    0x08000ab5   Thumb Code    34  stm32f0xx_syscfg.o(.text)
    SYSCFG_BreakConfig                       0x08000ad7   Thumb Code    10  stm32f0xx_syscfg.o(.text)
    SYSCFG_GetFlagStatus                     0x08000ae1   Thumb Code    14  stm32f0xx_syscfg.o(.text)
    SYSCFG_ClearFlag                         0x08000aef   Thumb Code    10  stm32f0xx_syscfg.o(.text)
    TIM_DeInit                               0x08000afd   Thumb Code   152  stm32f0xx_tim.o(.text)
    TIM_TimeBaseInit                         0x08000b95   Thumb Code    88  stm32f0xx_tim.o(.text)
    TIM_TimeBaseStructInit                   0x08000bed   Thumb Code    18  stm32f0xx_tim.o(.text)
    TIM_PrescalerConfig                      0x08000bff   Thumb Code     6  stm32f0xx_tim.o(.text)
    TIM_CounterModeConfig                    0x08000c05   Thumb Code    12  stm32f0xx_tim.o(.text)
    TIM_SetCounter                           0x08000c11   Thumb Code     4  stm32f0xx_tim.o(.text)
    TIM_SetAutoreload                        0x08000c15   Thumb Code     4  stm32f0xx_tim.o(.text)
    TIM_GetCounter                           0x08000c19   Thumb Code     4  stm32f0xx_tim.o(.text)
    TIM_GetPrescaler                         0x08000c1d   Thumb Code     4  stm32f0xx_tim.o(.text)
    TIM_UpdateDisableConfig                  0x08000c21   Thumb Code    18  stm32f0xx_tim.o(.text)
    TIM_UpdateRequestConfig                  0x08000c33   Thumb Code    18  stm32f0xx_tim.o(.text)
    TIM_ARRPreloadConfig                     0x08000c45   Thumb Code    18  stm32f0xx_tim.o(.text)
    TIM_SelectOnePulseMode                   0x08000c57   Thumb Code    16  stm32f0xx_tim.o(.text)
    TIM_SetClockDivision                     0x08000c67   Thumb Code    16  stm32f0xx_tim.o(.text)
    TIM_Cmd                                  0x08000c77   Thumb Code    20  stm32f0xx_tim.o(.text)
    TIM_BDTRConfig                           0x08000c8b   Thumb Code    34  stm32f0xx_tim.o(.text)
    TIM_BDTRStructInit                       0x08000cad   Thumb Code    18  stm32f0xx_tim.o(.text)
    TIM_CtrlPWMOutputs                       0x08000cbf   Thumb Code    24  stm32f0xx_tim.o(.text)
    TIM_OC1Init                              0x08000cd7   Thumb Code   104  stm32f0xx_tim.o(.text)
    TIM_OC2Init                              0x08000d3f   Thumb Code   110  stm32f0xx_tim.o(.text)
    TIM_OC3Init                              0x08000dad   Thumb Code   110  stm32f0xx_tim.o(.text)
    TIM_OC4Init                              0x08000e1b   Thumb Code    78  stm32f0xx_tim.o(.text)
    TIM_OCStructInit                         0x08000e69   Thumb Code    20  stm32f0xx_tim.o(.text)
    TIM_SelectOCxM                           0x08000e7d   Thumb Code    70  stm32f0xx_tim.o(.text)
    TIM_SetCompare1                          0x08000ec3   Thumb Code     4  stm32f0xx_tim.o(.text)
    TIM_SetCompare2                          0x08000ec7   Thumb Code     4  stm32f0xx_tim.o(.text)
    TIM_SetCompare3                          0x08000ecb   Thumb Code     4  stm32f0xx_tim.o(.text)
    TIM_SetCompare4                          0x08000ecf   Thumb Code     4  stm32f0xx_tim.o(.text)
    TIM_ForcedOC1Config                      0x08000ed3   Thumb Code    86  stm32f0xx_tim.o(.text)
    TIM_ForcedOC2Config                      0x08000f29   Thumb Code    14  stm32f0xx_tim.o(.text)
    TIM_ForcedOC3Config                      0x08000f37   Thumb Code    12  stm32f0xx_tim.o(.text)
    TIM_ForcedOC4Config                      0x08000f43   Thumb Code    14  stm32f0xx_tim.o(.text)
    TIM_CCPreloadControl                     0x08000f51   Thumb Code    20  stm32f0xx_tim.o(.text)
    TIM_OC1PreloadConfig                     0x08000f65   Thumb Code    12  stm32f0xx_tim.o(.text)
    TIM_OC2PreloadConfig                     0x08000f71   Thumb Code    14  stm32f0xx_tim.o(.text)
    TIM_OC3PreloadConfig                     0x08000f7f   Thumb Code    12  stm32f0xx_tim.o(.text)
    TIM_OC4PreloadConfig                     0x08000f8b   Thumb Code    14  stm32f0xx_tim.o(.text)
    TIM_OC1FastConfig                        0x08000f99   Thumb Code    12  stm32f0xx_tim.o(.text)
    TIM_OC2FastConfig                        0x08000fa5   Thumb Code    14  stm32f0xx_tim.o(.text)
    TIM_OC3FastConfig                        0x08000fb3   Thumb Code    12  stm32f0xx_tim.o(.text)
    TIM_OC4FastConfig                        0x08000fbf   Thumb Code    14  stm32f0xx_tim.o(.text)
    TIM_ClearOC1Ref                          0x08000fcd   Thumb Code    12  stm32f0xx_tim.o(.text)
    TIM_ClearOC2Ref                          0x08000fd9   Thumb Code    14  stm32f0xx_tim.o(.text)
    TIM_ClearOC3Ref                          0x08000fe7   Thumb Code    12  stm32f0xx_tim.o(.text)
    TIM_ClearOC4Ref                          0x08000ff3   Thumb Code    14  stm32f0xx_tim.o(.text)
    TIM_OC1PolarityConfig                    0x08001001   Thumb Code    12  stm32f0xx_tim.o(.text)
    TIM_OC1NPolarityConfig                   0x0800100d   Thumb Code    12  stm32f0xx_tim.o(.text)
    TIM_OC2PolarityConfig                    0x08001019   Thumb Code    14  stm32f0xx_tim.o(.text)
    TIM_OC2NPolarityConfig                   0x08001027   Thumb Code    14  stm32f0xx_tim.o(.text)
    TIM_OC3PolarityConfig                    0x08001035   Thumb Code    14  stm32f0xx_tim.o(.text)
    TIM_OC3NPolarityConfig                   0x08001043   Thumb Code    14  stm32f0xx_tim.o(.text)
    TIM_OC4PolarityConfig                    0x08001051   Thumb Code    14  stm32f0xx_tim.o(.text)
    TIM_SelectOCREFClear                     0x0800105f   Thumb Code    16  stm32f0xx_tim.o(.text)
    TIM_CCxCmd                               0x0800106f   Thumb Code    22  stm32f0xx_tim.o(.text)
    TIM_CCxNCmd                              0x08001085   Thumb Code    22  stm32f0xx_tim.o(.text)
    TIM_SelectCOM                            0x0800109b   Thumb Code    18  stm32f0xx_tim.o(.text)
    TIM_SetIC4Prescaler                      0x080010ad   Thumb Code    18  stm32f0xx_tim.o(.text)
    TIM_SetIC3Prescaler                      0x080010bf   Thumb Code    16  stm32f0xx_tim.o(.text)
    TIM_SetIC2Prescaler                      0x080010cf   Thumb Code    18  stm32f0xx_tim.o(.text)
    TIM_SetIC1Prescaler                      0x0800110b   Thumb Code    16  stm32f0xx_tim.o(.text)
    TIM_ICInit                               0x08001143   Thumb Code   162  stm32f0xx_tim.o(.text)
    TIM_ICStructInit                         0x080011e5   Thumb Code    16  stm32f0xx_tim.o(.text)
    TIM_PWMIConfig                           0x080011f5   Thumb Code   104  stm32f0xx_tim.o(.text)
    TIM_GetCapture1                          0x0800125d   Thumb Code     4  stm32f0xx_tim.o(.text)
    TIM_GetCapture2                          0x08001261   Thumb Code     4  stm32f0xx_tim.o(.text)
    TIM_GetCapture3                          0x08001265   Thumb Code     4  stm32f0xx_tim.o(.text)
    TIM_GetCapture4                          0x08001269   Thumb Code     4  stm32f0xx_tim.o(.text)
    TIM_ITConfig                             0x0800126d   Thumb Code    16  stm32f0xx_tim.o(.text)
    TIM_GenerateEvent                        0x0800127d   Thumb Code     4  stm32f0xx_tim.o(.text)
    TIM_GetFlagStatus                        0x08001281   Thumb Code    14  stm32f0xx_tim.o(.text)
    TIM_ClearFlag                            0x0800128f   Thumb Code     6  stm32f0xx_tim.o(.text)
    TIM_GetITStatus                          0x08001295   Thumb Code    24  stm32f0xx_tim.o(.text)
    TIM_ClearITPendingBit                    0x080012ad   Thumb Code     6  stm32f0xx_tim.o(.text)
    TIM_DMAConfig                            0x080012b3   Thumb Code     8  stm32f0xx_tim.o(.text)
    TIM_DMACmd                               0x080012bb   Thumb Code    16  stm32f0xx_tim.o(.text)
    TIM_SelectCCDMA                          0x080012cb   Thumb Code    18  stm32f0xx_tim.o(.text)
    TIM_InternalClockConfig                  0x080012dd   Thumb Code    10  stm32f0xx_tim.o(.text)
    TIM_SelectInputTrigger                   0x080012e7   Thumb Code    12  stm32f0xx_tim.o(.text)
    TIM_ITRxExternalClockConfig              0x080012f3   Thumb Code    62  stm32f0xx_tim.o(.text)
    TIM_TIxExternalClockConfig               0x08001331   Thumb Code    48  stm32f0xx_tim.o(.text)
    TIM_ETRConfig                            0x08001361   Thumb Code    18  stm32f0xx_tim.o(.text)
    TIM_ETRClockMode1Config                  0x08001373   Thumb Code    28  stm32f0xx_tim.o(.text)
    TIM_ETRClockMode2Config                  0x0800138f   Thumb Code    20  stm32f0xx_tim.o(.text)
    TIM_SelectOutputTrigger                  0x080013a3   Thumb Code    16  stm32f0xx_tim.o(.text)
    TIM_SelectSlaveMode                      0x080013b3   Thumb Code    16  stm32f0xx_tim.o(.text)
    TIM_SelectMasterSlaveMode                0x080013c3   Thumb Code    16  stm32f0xx_tim.o(.text)
    TIM_EncoderInterfaceConfig               0x080013d3   Thumb Code    42  stm32f0xx_tim.o(.text)
    TIM_SelectHallSensor                     0x080013fd   Thumb Code    18  stm32f0xx_tim.o(.text)
    TIM_RemapConfig                          0x0800140f   Thumb Code     6  stm32f0xx_tim.o(.text)
    Reset_Handler                            0x08001419   Thumb Code     8  startup_stm32f0xx.o(.text)
    ADC1_COMP_IRQHandler                     0x0800142b   Thumb Code     0  startup_stm32f0xx.o(.text)
    CEC_IRQHandler                           0x0800142b   Thumb Code     0  startup_stm32f0xx.o(.text)
    DMA1_Channel1_IRQHandler                 0x0800142b   Thumb Code     0  startup_stm32f0xx.o(.text)
    DMA1_Channel2_3_IRQHandler               0x0800142b   Thumb Code     0  startup_stm32f0xx.o(.text)
    DMA1_Channel4_5_IRQHandler               0x0800142b   Thumb Code     0  startup_stm32f0xx.o(.text)
    EXTI2_3_IRQHandler                       0x0800142b   Thumb Code     0  startup_stm32f0xx.o(.text)
    EXTI4_15_IRQHandler                      0x0800142b   Thumb Code     0  startup_stm32f0xx.o(.text)
    FLASH_IRQHandler                         0x0800142b   Thumb Code     0  startup_stm32f0xx.o(.text)
    I2C1_IRQHandler                          0x0800142b   Thumb Code     0  startup_stm32f0xx.o(.text)
    I2C2_IRQHandler                          0x0800142b   Thumb Code     0  startup_stm32f0xx.o(.text)
    PVD_IRQHandler                           0x0800142b   Thumb Code     0  startup_stm32f0xx.o(.text)
    RCC_IRQHandler                           0x0800142b   Thumb Code     0  startup_stm32f0xx.o(.text)
    RTC_IRQHandler                           0x0800142b   Thumb Code     0  startup_stm32f0xx.o(.text)
    SPI1_IRQHandler                          0x0800142b   Thumb Code     0  startup_stm32f0xx.o(.text)
    SPI2_IRQHandler                          0x0800142b   Thumb Code     0  startup_stm32f0xx.o(.text)
    TIM14_IRQHandler                         0x0800142b   Thumb Code     0  startup_stm32f0xx.o(.text)
    TIM15_IRQHandler                         0x0800142b   Thumb Code     0  startup_stm32f0xx.o(.text)
    TIM16_IRQHandler                         0x0800142b   Thumb Code     0  startup_stm32f0xx.o(.text)
    TIM17_IRQHandler                         0x0800142b   Thumb Code     0  startup_stm32f0xx.o(.text)
    TIM1_BRK_UP_TRG_COM_IRQHandler           0x0800142b   Thumb Code     0  startup_stm32f0xx.o(.text)
    TIM1_CC_IRQHandler                       0x0800142b   Thumb Code     0  startup_stm32f0xx.o(.text)
    TIM3_IRQHandler                          0x0800142b   Thumb Code     0  startup_stm32f0xx.o(.text)
    TIM6_DAC_IRQHandler                      0x0800142b   Thumb Code     0  startup_stm32f0xx.o(.text)
    TS_IRQHandler                            0x0800142b   Thumb Code     0  startup_stm32f0xx.o(.text)
    USART2_IRQHandler                        0x0800142b   Thumb Code     0  startup_stm32f0xx.o(.text)
    WWDG_IRQHandler                          0x0800142b   Thumb Code     0  startup_stm32f0xx.o(.text)
    SystemInit                               0x08001435   Thumb Code    84  system_stm32f0xx.o(.text)
    SystemCoreClockUpdate                    0x08001489   Thumb Code    90  system_stm32f0xx.o(.text)
    __aeabi_uidiv                            0x0800158d   Thumb Code     0  uidiv.o(.text)
    __aeabi_uidivmod                         0x0800158d   Thumb Code    44  uidiv.o(.text)
    __scatterload                            0x080015b9   Thumb Code    28  init.o(.text)
    __scatterload_rt2                        0x080015b9   Thumb Code     0  init.o(.text)
    __scatterload_copy                       0x080015dd   Thumb Code    14  handlers.o(i.__scatterload_copy)
    __scatterload_null                       0x080015eb   Thumb Code     2  handlers.o(i.__scatterload_null)
    __scatterload_zeroinit                   0x080015ed   Thumb Code    14  handlers.o(i.__scatterload_zeroinit)
    BUTTON_PIN                               0x080015fc   Data           2  stm32f0_discovery.o(.constdata)
    BUTTON_EXTI_LINE                         0x080015fe   Data           2  stm32f0_discovery.o(.constdata)
    BUTTON_PORT_SOURCE                       0x08001600   Data           2  stm32f0_discovery.o(.constdata)
    BUTTON_PIN_SOURCE                        0x08001602   Data           2  stm32f0_discovery.o(.constdata)
    BUTTON_IRQn                              0x08001604   Data           2  stm32f0_discovery.o(.constdata)
    GPIO_PIN                                 0x08001606   Data           4  stm32f0_discovery.o(.constdata)
    BUTTON_CLK                               0x0800160c   Data           4  stm32f0_discovery.o(.constdata)
    GPIO_CLK                                 0x08001610   Data           8  stm32f0_discovery.o(.constdata)
    Region$$Table$$Base                      0x08001618   Number         0  anon$$obj.o(Region$$Table)
    Region$$Table$$Limit                     0x08001638   Number         0  anon$$obj.o(Region$$Table)
    i                                        0x20000000   Data           4  main.o(.data)
    rx_buffer                                0x20000004   Data           1  usart.o(.data)
    BUTTON_PORT                              0x20000008   Data           4  stm32f0_discovery.o(.data)
    GPIO_PORT                                0x2000000c   Data           8  stm32f0_discovery.o(.data)
    SystemCoreClock                          0x20000024   Data           4  system_stm32f0xx.o(.data)
    AHBPrescTable                            0x20000028   Data          16  system_stm32f0xx.o(.data)
    __initial_sp                             0x20000438   Data           0  startup_stm32f0xx.o(STACK)



==============================================================================

Memory Map of the image

  Image Entry point : 0x080000c1

  Load Region LR_IROM1 (Base: 0x08000000, Size: 0x00001670, Max: 0x00010000, ABSOLUTE)

    Execution Region ER_IROM1 (Exec base: 0x08000000, Load base: 0x08000000, Size: 0x00001638, Max: 0x00010000, ABSOLUTE)

    Exec Addr    Load Addr    Size         Type   Attr      Idx    E Section Name        Object

    0x08000000   0x08000000   0x000000c0   Data   RO          369    RESET               startup_stm32f0xx.o
    0x080000c0   0x080000c0   0x00000000   Code   RO          396  * .ARM.Collect$$$$00000000  mc_p.l(entry.o)
    0x080000c0   0x080000c0   0x00000004   Code   RO          411    .ARM.Collect$$$$00000001  mc_p.l(entry2.o)
    0x080000c4   0x080000c4   0x00000004   Code   RO          414    .ARM.Collect$$$$00000004  mc_p.l(entry5.o)
    0x080000c8   0x080000c8   0x00000000   Code   RO          416    .ARM.Collect$$$$00000008  mc_p.l(entry7b.o)
    0x080000c8   0x080000c8   0x00000000   Code   RO          418    .ARM.Collect$$$$0000000A  mc_p.l(entry8b.o)
    0x080000c8   0x080000c8   0x00000008   Code   RO          419    .ARM.Collect$$$$0000000B  mc_p.l(entry9a.o)
    0x080000d0   0x080000d0   0x00000000   Code   RO          421    .ARM.Collect$$$$0000000D  mc_p.l(entry10a.o)
    0x080000d0   0x080000d0   0x00000000   Code   RO          423    .ARM.Collect$$$$0000000F  mc_p.l(entry11a.o)
    0x080000d0   0x080000d0   0x00000004   Code   RO          412    .ARM.Collect$$$$00002712  mc_p.l(entry2.o)
    0x080000d4   0x080000d4   0x00000160   Code   RO            2    .text               main.o
    0x08000234   0x08000234   0x0000000e   Code   RO          158    .text               helper.o
    0x08000242   0x08000242   0x00000002   PAD
    0x08000244   0x08000244   0x0000004c   Code   RO          174    .text               stm32f0xx_it.o
    0x08000290   0x08000290   0x0000011c   Code   RO          233    .text               stm32f0_discovery.o
    0x080003ac   0x080003ac   0x000000d4   Code   RO          253    .text               stm32f0xx_exti.o
    0x08000480   0x08000480   0x0000015c   Code   RO          269    .text               stm32f0xx_gpio.o
    0x080005dc   0x080005dc   0x0000007c   Code   RO          301    .text               stm32f0xx_misc.o
    0x08000658   0x08000658   0x0000040c   Code   RO          317    .text               stm32f0xx_rcc.o
    0x08000a64   0x08000a64   0x00000098   Code   RO          335    .text               stm32f0xx_syscfg.o
    0x08000afc   0x08000afc   0x0000091c   Code   RO          351    .text               stm32f0xx_tim.o
    0x08001418   0x08001418   0x0000001c   Code   RO          370    .text               startup_stm32f0xx.o
    0x08001434   0x08001434   0x00000158   Code   RO          375    .text               system_stm32f0xx.o
    0x0800158c   0x0800158c   0x0000002c   Code   RO          399    .text               mc_p.l(uidiv.o)
    0x080015b8   0x080015b8   0x00000024   Code   RO          434    .text               mc_p.l(init.o)
    0x080015dc   0x080015dc   0x0000000e   Code   RO          440    i.__scatterload_copy  mc_p.l(handlers.o)
    0x080015ea   0x080015ea   0x00000002   Code   RO          441    i.__scatterload_null  mc_p.l(handlers.o)
    0x080015ec   0x080015ec   0x0000000e   Code   RO          442    i.__scatterload_zeroinit  mc_p.l(handlers.o)
    0x080015fa   0x080015fa   0x00000002   PAD
    0x080015fc   0x080015fc   0x0000001c   Data   RO          234    .constdata          stm32f0_discovery.o
    0x08001618   0x08001618   0x00000020   Data   RO          438    Region$$Table       anon$$obj.o


    Execution Region RW_IRAM1 (Exec base: 0x20000000, Load base: 0x08001638, Size: 0x00000438, Max: 0x00002000, ABSOLUTE)

    Exec Addr    Load Addr    Size         Type   Attr      Idx    E Section Name        Object

    0x20000000   0x08001638   0x00000004   Data   RW            3    .data               main.o
    0x20000004   0x0800163c   0x00000001   Data   RW          198    .data               usart.o
    0x20000005   0x0800163d   0x00000003   PAD
    0x20000008   0x08001640   0x0000000c   Data   RW          235    .data               stm32f0_discovery.o
    0x20000014   0x0800164c   0x00000010   Data   RW          318    .data               stm32f0xx_rcc.o
    0x20000024   0x0800165c   0x00000014   Data   RW          376    .data               system_stm32f0xx.o
    0x20000038        -       0x00000400   Zero   RW          367    STACK               startup_stm32f0xx.o


==============================================================================

Image component sizes


      Code (inc. data)   RO Data    RW Data    ZI Data      Debug   Object Name

        14          0          0          0          0        504   helper.o
       352         18          0          4          0     129022   main.o
        28          8        192          0       1024        656   startup_stm32f0xx.o
       284         10         28         12          0       3031   stm32f0_discovery.o
       212         14          0          0          0       2547   stm32f0xx_exti.o
       348         22          0          0          0       4053   stm32f0xx_gpio.o
        76         10          0          0          0       1292   stm32f0xx_it.o
       124         16          0          0          0       1588   stm32f0xx_misc.o
      1036         38          0         16          0       9042   stm32f0xx_rcc.o
       152          4          0          0          0       2118   stm32f0xx_syscfg.o
      2332        122          0          0          0      22747   stm32f0xx_tim.o
       344         28          0         20          0       1871   system_stm32f0xx.o
         0          0          0          1          0        272   usart.o

    ----------------------------------------------------------------------
      5304        290        252         56       1024     178743   Object Totals
         0          0         32          0          0          0   (incl. Generated)
         2          0          0          3          0          0   (incl. Padding)

    ----------------------------------------------------------------------

      Code (inc. data)   RO Data    RW Data    ZI Data      Debug   Library Member Name

         0          0          0          0          0          0   entry.o
         0          0          0          0          0          0   entry10a.o
         0          0          0          0          0          0   entry11a.o
         8          4          0          0          0          0   entry2.o
         4          0          0          0          0          0   entry5.o
         0          0          0          0          0          0   entry7b.o
         0          0          0          0          0          0   entry8b.o
         8          4          0          0          0          0   entry9a.o
        30          0          0          0          0          0   handlers.o
        36          8          0          0          0         68   init.o
        44          0          0          0          0         72   uidiv.o

    ----------------------------------------------------------------------
       132         16          0          0          0        140   Library Totals
         2          0          0          0          0          0   (incl. Padding)

    ----------------------------------------------------------------------

      Code (inc. data)   RO Data    RW Data    ZI Data      Debug   Library Name

       130         16          0          0          0        140   mc_p.l

    ----------------------------------------------------------------------
       132         16          0          0          0        140   Library Totals

    ----------------------------------------------------------------------

==============================================================================


      Code (inc. data)   RO Data    RW Data    ZI Data      Debug   

      5436        306        252         56       1024     177935   Grand Totals
      5436        306        252         56       1024     177935   ELF Image Totals
      5436        306        252         56          0          0   ROM Totals

==============================================================================

    Total RO  Size (Code + RO Data)                 5688 (   5.55kB)
    Total RW  Size (RW Data + ZI Data)              1080 (   1.05kB)
    Total ROM Size (Code + RO Data + RW Data)       5744 (   5.61kB)

==============================================================================

