Component: ARM Compiler 5.06 update 5 (build 528) Tool: armlink [4d35e2]

==============================================================================

Section Cross References

    main.o(.text) refers to stm32f0_discovery.o(.text) for STM_EVAL_LEDInit
    main.o(.text) refers to bthq21605v.o(.text) for BTHQ21605V_Setup
    main.o(.text) refers to pwm.o(.text) for PWMConfig
    main.o(.text) refers to adc.o(.text) for ADC_Setup
    main.o(.text) refers to stm32f0xx_adc.o(.text) for ADC_ChannelConfig
    main.o(.text) refers to buttons.o(.text) for InputEnable
    main.o(.text) refers to stm32f0xx_tim.o(.text) for TIM_SetCompare4
    main.o(.text) refers to helper.o(.text) for Delay
    main.o(.text) refers to hih8120.o(.text) for MesureHIH8120
    main.o(.text) refers to d2f.o(.text) for __aeabi_d2f
    main.o(.text) refers to system_stm32f0xx.o(.data) for SystemCoreClock
    main.o(.text) refers to bthq21605v.o(.data) for BTHQ21605V_CommStatus
    bthq21605v.o(.text) refers to stm32f0xx_rcc.o(.text) for RCC_I2CCLKConfig
    bthq21605v.o(.text) refers to stm32f0xx_gpio.o(.text) for GPIO_StructInit
    bthq21605v.o(.text) refers to stm32f0xx_i2c.o(.text) for I2C_StructInit
    bthq21605v.o(.text) refers to uidiv.o(.text) for __aeabi_uidivmod
    bthq21605v.o(.text) refers to helper.o(.text) for Delay
    bthq21605v.o(.text) refers to bthq21605v.o(.data) for .data
    bthq21605v.o(.text) refers to system_stm32f0xx.o(.data) for SystemCoreClock
    bthq21605v.o(.text) refers to ffixi.o(.text) for __aeabi_f2iz
    bthq21605v.o(.text) refers to usart.o(.text) for itoa_simple
    bthq21605v.o(.text) refers to buttons.o(.data) for CurrentMode
    bthq21605v.o(.text) refers to pwm.o(.data) for TempDesired
    bthq21605v.o(.text) refers to pwm.o(.data) for TempAcc
    bthq21605v.o(.text) refers to pwm.o(.data) for HumAcc
    bthq21605v.o(.text) refers to pwm.o(.data) for TempBabyAcc
    usart.o(.text) refers to idiv.o(.text) for __aeabi_idivmod
    stm32f0xx_it.o(.text) refers to stm32f0xx_exti.o(.text) for EXTI_GetITStatus
    stm32f0xx_it.o(.text) refers to buttons.o(.text) for DesiredUp
    stm32f0xx_it.o(.text) refers to stm32f0_discovery.o(.text) for STM_EVAL_LEDToggle
    stm32f0xx_it.o(.text) refers to usart.o(.data) for rx_buffer
    hih8120.o(.text) refers to bthq21605v.o(.text) for BTHQ21605V_WaitForI2CFlag
    hih8120.o(.text) refers to stm32f0xx_i2c.o(.text) for I2C_TransferHandling
    hih8120.o(.text) refers to uidiv.o(.text) for __aeabi_uidivmod
    hih8120.o(.text) refers to helper.o(.text) for Delay
    hih8120.o(.text) refers to ffltui.o(.text) for __aeabi_ui2f
    hih8120.o(.text) refers to f2d.o(.text) for __aeabi_f2d
    hih8120.o(.text) refers to ddiv.o(.text) for __aeabi_ddiv
    hih8120.o(.text) refers to dmul.o(.text) for __aeabi_dmul
    hih8120.o(.text) refers to d2f.o(.text) for __aeabi_d2f
    hih8120.o(.text) refers to dadd.o(.text) for __aeabi_dsub
    hih8120.o(.text) refers to system_stm32f0xx.o(.data) for SystemCoreClock
    hih8120.o(.text) refers to pwm.o(.data) for HumAcc
    hih8120.o(.text) refers to pwm.o(.data) for TempAcc
    buttons.o(.text) refers to stm32f0xx_rcc.o(.text) for RCC_APB2PeriphClockCmd
    buttons.o(.text) refers to stm32f0xx_gpio.o(.text) for GPIO_Init
    buttons.o(.text) refers to stm32f0xx_syscfg.o(.text) for SYSCFG_EXTILineConfig
    buttons.o(.text) refers to stm32f0xx_exti.o(.text) for EXTI_Init
    buttons.o(.text) refers to stm32f0xx_misc.o(.text) for NVIC_Init
    buttons.o(.text) refers to uidiv.o(.text) for __aeabi_uidivmod
    buttons.o(.text) refers to helper.o(.text) for Delay
    buttons.o(.text) refers to bthq21605v.o(.text) for SetDisplay
    buttons.o(.text) refers to fadd.o(.text) for __aeabi_fadd
    buttons.o(.text) refers to buttons.o(.data) for .data
    buttons.o(.text) refers to system_stm32f0xx.o(.data) for SystemCoreClock
    buttons.o(.text) refers to pwm.o(.data) for TempDesired
    adc.o(.text) refers to stm32f0xx_rcc.o(.text) for RCC_APB2PeriphClockCmd
    adc.o(.text) refers to stm32f0xx_gpio.o(.text) for GPIO_Init
    adc.o(.text) refers to stm32f0xx_adc.o(.text) for ADC_Init
    adc.o(.text) refers to exp.o(i.exp) for exp
    adc.o(.text) refers to dmul.o(.text) for __aeabi_dmul
    adc.o(.text) refers to d2f.o(.text) for __aeabi_d2f
    adc.o(.text) refers to ffltui.o(.text) for __aeabi_ui2f
    adc.o(.text) refers to fdiv.o(.text) for __aeabi_fdiv
    adc.o(.text) refers to fmul.o(.text) for __aeabi_fmul
    adc.o(.text) refers to fadd.o(.text) for __aeabi_fsub
    adc.o(.text) refers to f2d.o(.text) for __aeabi_f2d
    adc.o(.text) refers to log.o(i.log) for log
    adc.o(.text) refers to ddiv.o(.text) for __aeabi_ddiv
    adc.o(.text) refers to dadd.o(.text) for __aeabi_dsub
    adc.o(.text) refers to pwm.o(.data) for TempBabyAcc
    pwm.o(.text) refers to stm32f0xx_rcc.o(.text) for RCC_APB1PeriphClockCmd
    pwm.o(.text) refers to stm32f0xx_gpio.o(.text) for GPIO_Init
    pwm.o(.text) refers to stm32f0xx_tim.o(.text) for TIM_TimeBaseInit
    pwm.o(.text) refers to uidiv.o(.text) for __aeabi_uidivmod
    pwm.o(.text) refers to helper.o(.text) for Delay
    pwm.o(.text) refers to fadd.o(.text) for __aeabi_frsub
    pwm.o(.text) refers to f2d.o(.text) for __aeabi_f2d
    pwm.o(.text) refers to pow.o(i.pow) for pow
    pwm.o(.text) refers to dscalb.o(.text) for __ARM_scalbn
    pwm.o(.text) refers to dadd.o(.text) for __aeabi_dadd
    pwm.o(.text) refers to dmul.o(.text) for __aeabi_dmul
    pwm.o(.text) refers to dfixi.o(.text) for __aeabi_d2iz
    pwm.o(.text) refers to pwm.o(.data) for .data
    pwm.o(.text) refers to system_stm32f0xx.o(.data) for SystemCoreClock
    stm32f0_discovery.o(.text) refers to stm32f0xx_rcc.o(.text) for RCC_AHBPeriphClockCmd
    stm32f0_discovery.o(.text) refers to stm32f0xx_gpio.o(.text) for GPIO_Init
    stm32f0_discovery.o(.text) refers to stm32f0xx_syscfg.o(.text) for SYSCFG_EXTILineConfig
    stm32f0_discovery.o(.text) refers to stm32f0xx_exti.o(.text) for EXTI_Init
    stm32f0_discovery.o(.text) refers to stm32f0xx_misc.o(.text) for NVIC_Init
    stm32f0_discovery.o(.text) refers to stm32f0_discovery.o(.constdata) for .constdata
    stm32f0_discovery.o(.text) refers to stm32f0_discovery.o(.data) for .data
    stm32f0xx_tim.o(.text) refers to stm32f0xx_rcc.o(.text) for RCC_APB1PeriphResetCmd
    stm32f0xx_gpio.o(.text) refers to stm32f0xx_rcc.o(.text) for RCC_AHBPeriphResetCmd
    stm32f0xx_i2c.o(.text) refers to stm32f0xx_rcc.o(.text) for RCC_APB1PeriphResetCmd
    stm32f0xx_rcc.o(.text) refers to uidiv.o(.text) for __aeabi_uidivmod
    stm32f0xx_rcc.o(.text) refers to stm32f0xx_rcc.o(.data) for .data
    stm32f0xx_adc.o(.text) refers to stm32f0xx_rcc.o(.text) for RCC_APB2PeriphResetCmd
    startup_stm32f0xx.o(RESET) refers to startup_stm32f0xx.o(STACK) for __initial_sp
    startup_stm32f0xx.o(RESET) refers to startup_stm32f0xx.o(.text) for Reset_Handler
    startup_stm32f0xx.o(RESET) refers to stm32f0xx_it.o(.text) for NMI_Handler
    startup_stm32f0xx.o(.text) refers to system_stm32f0xx.o(.text) for SystemInit
    startup_stm32f0xx.o(.text) refers to entry.o(.ARM.Collect$$$$00000000) for __main
    system_stm32f0xx.o(.text) refers to uidiv.o(.text) for __aeabi_uidivmod
    system_stm32f0xx.o(.text) refers to system_stm32f0xx.o(.data) for .data
    exp.o(i.__softfp_exp) refers (Special) to iusefp.o(.text) for __I$use$fp
    exp.o(i.__softfp_exp) refers to exp.o(i.exp) for exp
    exp.o(i.exp) refers (Special) to iusefp.o(.text) for __I$use$fp
    exp.o(i.exp) refers to dunder.o(i.__mathlib_dbl_infnan) for __mathlib_dbl_infnan
    exp.o(i.exp) refers to cdrcmple.o(.text) for __aeabi_cdrcmple
    exp.o(i.exp) refers to errno.o(i.__set_errno) for __set_errno
    exp.o(i.exp) refers to dunder.o(i.__mathlib_dbl_overflow) for __mathlib_dbl_overflow
    exp.o(i.exp) refers to cdcmple.o(.text) for __aeabi_cdcmple
    exp.o(i.exp) refers to dunder.o(i.__mathlib_dbl_underflow) for __mathlib_dbl_underflow
    exp.o(i.exp) refers to dadd.o(.text) for __aeabi_dsub
    exp.o(i.exp) refers to dmul.o(.text) for __aeabi_dmul
    exp.o(i.exp) refers to dfixi.o(.text) for __aeabi_d2iz
    exp.o(i.exp) refers to dflti.o(.text) for __aeabi_i2d
    exp.o(i.exp) refers to poly.o(i.__kernel_poly) for __kernel_poly
    exp.o(i.exp) refers to ddiv.o(.text) for __aeabi_ddiv
    exp.o(i.exp) refers to dscalb.o(.text) for __ARM_scalbn
    exp.o(i.exp) refers to fpclassify.o(i.__ARM_fpclassify) for __ARM_fpclassify
    exp.o(i.exp) refers to exp.o(.constdata) for .constdata
    exp.o(.constdata) refers (Special) to iusefp.o(.text) for __I$use$fp
    exp_x.o(i.____softfp_exp$lsc) refers (Special) to iusefp.o(.text) for __I$use$fp
    exp_x.o(i.____softfp_exp$lsc) refers to exp_x.o(i.__exp$lsc) for __exp$lsc
    exp_x.o(i.__exp$lsc) refers (Special) to iusefp.o(.text) for __I$use$fp
    exp_x.o(i.__exp$lsc) refers to dunder.o(i.__mathlib_dbl_infnan) for __mathlib_dbl_infnan
    exp_x.o(i.__exp$lsc) refers to cdrcmple.o(.text) for __aeabi_cdrcmple
    exp_x.o(i.__exp$lsc) refers to errno.o(i.__set_errno) for __set_errno
    exp_x.o(i.__exp$lsc) refers to cdcmple.o(.text) for __aeabi_cdcmple
    exp_x.o(i.__exp$lsc) refers to dadd.o(.text) for __aeabi_dsub
    exp_x.o(i.__exp$lsc) refers to dmul.o(.text) for __aeabi_dmul
    exp_x.o(i.__exp$lsc) refers to dfixi.o(.text) for __aeabi_d2iz
    exp_x.o(i.__exp$lsc) refers to dflti.o(.text) for __aeabi_i2d
    exp_x.o(i.__exp$lsc) refers to poly.o(i.__kernel_poly) for __kernel_poly
    exp_x.o(i.__exp$lsc) refers to ddiv.o(.text) for __aeabi_ddiv
    exp_x.o(i.__exp$lsc) refers to dscalb.o(.text) for __ARM_scalbn
    exp_x.o(i.__exp$lsc) refers to qnan.o(.constdata) for __mathlib_zero
    exp_x.o(i.__exp$lsc) refers to exp_x.o(.constdata) for .constdata
    exp_x.o(.constdata) refers (Special) to iusefp.o(.text) for __I$use$fp
    log.o(i.__softfp_log) refers (Special) to iusefp.o(.text) for __I$use$fp
    log.o(i.__softfp_log) refers to log.o(i.log) for log
    log.o(i.log) refers (Special) to iusefp.o(.text) for __I$use$fp
    log.o(i.log) refers to dunder.o(i.__mathlib_dbl_infnan) for __mathlib_dbl_infnan
    log.o(i.log) refers to errno.o(i.__set_errno) for __set_errno
    log.o(i.log) refers to dunder.o(i.__mathlib_dbl_invalid) for __mathlib_dbl_invalid
    log.o(i.log) refers to dunder.o(i.__mathlib_dbl_divzero) for __mathlib_dbl_divzero
    log.o(i.log) refers to dscalb.o(.text) for __ARM_scalbn
    log.o(i.log) refers to dadd.o(.text) for __aeabi_dsub
    log.o(i.log) refers to cdcmple.o(.text) for __aeabi_cdcmpeq
    log.o(i.log) refers to dflti.o(.text) for __aeabi_i2d
    log.o(i.log) refers to dmul.o(.text) for __aeabi_dmul
    log.o(i.log) refers to ddiv.o(.text) for __aeabi_ddiv
    log.o(i.log) refers to poly.o(i.__kernel_poly) for __kernel_poly
    log.o(i.log) refers to qnan.o(.constdata) for __mathlib_zero
    log.o(i.log) refers to log.o(.constdata) for .constdata
    log.o(.constdata) refers (Special) to iusefp.o(.text) for __I$use$fp
    log_x.o(i.____softfp_log$lsc) refers (Special) to iusefp.o(.text) for __I$use$fp
    log_x.o(i.____softfp_log$lsc) refers to log_x.o(i.__log$lsc) for __log$lsc
    log_x.o(i.__log$lsc) refers (Special) to iusefp.o(.text) for __I$use$fp
    log_x.o(i.__log$lsc) refers to dunder.o(i.__mathlib_dbl_infnan) for __mathlib_dbl_infnan
    log_x.o(i.__log$lsc) refers to errno.o(i.__set_errno) for __set_errno
    log_x.o(i.__log$lsc) refers to dscalb.o(.text) for __ARM_scalbn
    log_x.o(i.__log$lsc) refers to dadd.o(.text) for __aeabi_dsub
    log_x.o(i.__log$lsc) refers to cdcmple.o(.text) for __aeabi_cdcmpeq
    log_x.o(i.__log$lsc) refers to dflti.o(.text) for __aeabi_i2d
    log_x.o(i.__log$lsc) refers to dmul.o(.text) for __aeabi_dmul
    log_x.o(i.__log$lsc) refers to ddiv.o(.text) for __aeabi_ddiv
    log_x.o(i.__log$lsc) refers to poly.o(i.__kernel_poly) for __kernel_poly
    log_x.o(i.__log$lsc) refers to qnan.o(.constdata) for __mathlib_zero
    log_x.o(i.__log$lsc) refers to log_x.o(.constdata) for .constdata
    log_x.o(.constdata) refers (Special) to iusefp.o(.text) for __I$use$fp
    pow.o(i.__softfp_pow) refers (Special) to iusefp.o(.text) for __I$use$fp
    pow.o(i.__softfp_pow) refers to pow.o(i.pow) for pow
    pow.o(i.pow) refers (Special) to iusefp.o(.text) for __I$use$fp
    pow.o(i.pow) refers to dunder.o(i.__mathlib_dbl_infnan2) for __mathlib_dbl_infnan2
    pow.o(i.pow) refers to errno.o(i.__set_errno) for __set_errno
    pow.o(i.pow) refers to dunder.o(i.__mathlib_dbl_divzero) for __mathlib_dbl_divzero
    pow.o(i.pow) refers to ddiv.o(.text) for __aeabi_ddiv
    pow.o(i.pow) refers to sqrt.o(i.sqrt) for sqrt
    pow.o(i.pow) refers to dflti.o(.text) for __aeabi_i2d
    pow.o(i.pow) refers to dunder.o(i.__mathlib_dbl_invalid) for __mathlib_dbl_invalid
    pow.o(i.pow) refers to dunder.o(i.__mathlib_dbl_overflow) for __mathlib_dbl_overflow
    pow.o(i.pow) refers to dmul.o(.text) for __aeabi_dmul
    pow.o(i.pow) refers to dunder.o(i.__mathlib_dbl_underflow) for __mathlib_dbl_underflow
    pow.o(i.pow) refers to dadd.o(.text) for __aeabi_dsub
    pow.o(i.pow) refers to dscalb.o(.text) for __ARM_scalbn
    pow.o(i.pow) refers to qnan.o(.constdata) for __mathlib_zero
    pow.o(i.pow) refers to poly.o(i.__kernel_poly) for __kernel_poly
    pow.o(i.pow) refers to cdrcmple.o(.text) for __aeabi_cdrcmple
    pow.o(i.pow) refers to pow.o(.constdata) for .constdata
    pow.o(i.pow) refers to fpclassify.o(i.__ARM_fpclassify) for __ARM_fpclassify
    pow.o(.constdata) refers (Special) to iusefp.o(.text) for __I$use$fp
    pow_x.o(i.____softfp_pow$lsc) refers (Special) to iusefp.o(.text) for __I$use$fp
    pow_x.o(i.____softfp_pow$lsc) refers to pow_x.o(i.__pow$lsc) for __pow$lsc
    pow_x.o(i.__pow$lsc) refers (Special) to iusefp.o(.text) for __I$use$fp
    pow_x.o(i.__pow$lsc) refers to dunder.o(i.__mathlib_dbl_infnan2) for __mathlib_dbl_infnan2
    pow_x.o(i.__pow$lsc) refers to errno.o(i.__set_errno) for __set_errno
    pow_x.o(i.__pow$lsc) refers to ddiv.o(.text) for __aeabi_ddiv
    pow_x.o(i.__pow$lsc) refers to sqrt.o(i.sqrt) for sqrt
    pow_x.o(i.__pow$lsc) refers to dflti.o(.text) for __aeabi_i2d
    pow_x.o(i.__pow$lsc) refers to dmul.o(.text) for __aeabi_dmul
    pow_x.o(i.__pow$lsc) refers to dadd.o(.text) for __aeabi_dsub
    pow_x.o(i.__pow$lsc) refers to dscalb.o(.text) for __ARM_scalbn
    pow_x.o(i.__pow$lsc) refers to qnan.o(.constdata) for __mathlib_zero
    pow_x.o(i.__pow$lsc) refers to poly.o(i.__kernel_poly) for __kernel_poly
    pow_x.o(i.__pow$lsc) refers to cdrcmple.o(.text) for __aeabi_cdrcmple
    pow_x.o(i.__pow$lsc) refers to pow_x.o(.constdata) for .constdata
    pow_x.o(.constdata) refers (Special) to iusefp.o(.text) for __I$use$fp
    entry.o(.ARM.Collect$$$$00000000) refers (Special) to entry10a.o(.ARM.Collect$$$$0000000D) for __rt_final_cpp
    entry.o(.ARM.Collect$$$$00000000) refers (Special) to entry11a.o(.ARM.Collect$$$$0000000F) for __rt_final_exit
    entry.o(.ARM.Collect$$$$00000000) refers (Special) to entry7b.o(.ARM.Collect$$$$00000008) for _main_clock
    entry.o(.ARM.Collect$$$$00000000) refers (Special) to entry8b.o(.ARM.Collect$$$$0000000A) for _main_cpp_init
    entry.o(.ARM.Collect$$$$00000000) refers (Special) to entry9a.o(.ARM.Collect$$$$0000000B) for _main_init
    entry.o(.ARM.Collect$$$$00000000) refers (Special) to entry5.o(.ARM.Collect$$$$00000004) for _main_scatterload
    entry.o(.ARM.Collect$$$$00000000) refers (Special) to entry2.o(.ARM.Collect$$$$00000001) for _main_stk
    idiv.o(.text) refers to uidiv.o(.text) for __aeabi_uidivmod
    fadd.o(.text) refers (Special) to iusefp.o(.text) for __I$use$fp
    fadd.o(.text) refers to fepilogue.o(.text) for _float_epilogue
    fmul.o(.text) refers (Special) to iusefp.o(.text) for __I$use$fp
    fdiv.o(.text) refers (Special) to iusefp.o(.text) for __I$use$fp
    fdiv.o(.text) refers to fepilogue.o(.text) for _float_round
    dadd.o(.text) refers (Special) to iusefp.o(.text) for __I$use$fp
    dadd.o(.text) refers to llshl.o(.text) for __aeabi_llsl
    dadd.o(.text) refers to llsshr.o(.text) for __aeabi_lasr
    dadd.o(.text) refers to depilogue.o(.text) for _double_epilogue
    dmul.o(.text) refers (Special) to iusefp.o(.text) for __I$use$fp
    dmul.o(.text) refers to depilogue.o(.text) for _double_epilogue
    ddiv.o(.text) refers (Special) to iusefp.o(.text) for __I$use$fp
    ddiv.o(.text) refers to depilogue.o(.text) for _double_round
    dscalb.o(.text) refers (Special) to iusefp.o(.text) for __I$use$fp
    ffltui.o(.text) refers (Special) to iusefp.o(.text) for __I$use$fp
    ffltui.o(.text) refers to fepilogue.o(.text) for _float_epilogue
    ffixi.o(.text) refers (Special) to iusefp.o(.text) for __I$use$fp
    dfixi.o(.text) refers (Special) to iusefp.o(.text) for __I$use$fp
    dfixi.o(.text) refers to llushr.o(.text) for __aeabi_llsr
    f2d.o(.text) refers (Special) to iusefp.o(.text) for __I$use$fp
    d2f.o(.text) refers (Special) to iusefp.o(.text) for __I$use$fp
    d2f.o(.text) refers to fepilogue.o(.text) for _float_round
    dunder.o(i.__mathlib_dbl_divzero) refers to ddiv.o(.text) for __aeabi_ddiv
    dunder.o(i.__mathlib_dbl_infnan) refers to dscalb.o(.text) for __ARM_scalbn
    dunder.o(i.__mathlib_dbl_infnan2) refers to dadd.o(.text) for __aeabi_dadd
    dunder.o(i.__mathlib_dbl_invalid) refers to ddiv.o(.text) for __aeabi_ddiv
    dunder.o(i.__mathlib_dbl_overflow) refers to dscalb.o(.text) for __ARM_scalbn
    dunder.o(i.__mathlib_dbl_posinfnan) refers to dmul.o(.text) for __aeabi_dmul
    dunder.o(i.__mathlib_dbl_underflow) refers to dscalb.o(.text) for __ARM_scalbn
    fpclassify.o(i.__ARM_fpclassify) refers (Special) to iusefp.o(.text) for __I$use$fp
    poly.o(i.__kernel_poly) refers (Special) to iusefp.o(.text) for __I$use$fp
    poly.o(i.__kernel_poly) refers to dmul.o(.text) for __aeabi_dmul
    poly.o(i.__kernel_poly) refers to dadd.o(.text) for __aeabi_dadd
    qnan.o(.constdata) refers (Special) to iusefp.o(.text) for __I$use$fp
    sqrt.o(i.__softfp_sqrt) refers (Special) to iusefp.o(.text) for __I$use$fp
    sqrt.o(i.__softfp_sqrt) refers to dsqrt.o(.text) for _dsqrt
    sqrt.o(i.__softfp_sqrt) refers to errno.o(i.__set_errno) for __set_errno
    sqrt.o(i.sqrt) refers (Special) to iusefp.o(.text) for __I$use$fp
    sqrt.o(i.sqrt) refers to dsqrt.o(.text) for _dsqrt
    sqrt.o(i.sqrt) refers to errno.o(i.__set_errno) for __set_errno
    sqrt_x.o(i.____softfp_sqrt$lsc) refers (Special) to iusefp.o(.text) for __I$use$fp
    sqrt_x.o(i.____softfp_sqrt$lsc) refers to cdcmple.o(.text) for __aeabi_cdcmple
    sqrt_x.o(i.____softfp_sqrt$lsc) refers to errno.o(i.__set_errno) for __set_errno
    sqrt_x.o(i.____softfp_sqrt$lsc) refers to dsqrt.o(.text) for _dsqrt
    sqrt_x.o(i.__sqrt$lsc) refers (Special) to iusefp.o(.text) for __I$use$fp
    sqrt_x.o(i.__sqrt$lsc) refers to cdcmple.o(.text) for __aeabi_cdcmple
    sqrt_x.o(i.__sqrt$lsc) refers to errno.o(i.__set_errno) for __set_errno
    sqrt_x.o(i.__sqrt$lsc) refers to dsqrt.o(.text) for _dsqrt
    entry2.o(.ARM.Collect$$$$00000001) refers to entry2.o(.ARM.Collect$$$$00002712) for __lit__00000000
    entry2.o(.ARM.Collect$$$$00002712) refers to startup_stm32f0xx.o(STACK) for __initial_sp
    entry2.o(__vectab_stack_and_reset_area) refers to startup_stm32f0xx.o(STACK) for __initial_sp
    entry2.o(__vectab_stack_and_reset_area) refers to entry.o(.ARM.Collect$$$$00000000) for __main
    entry5.o(.ARM.Collect$$$$00000004) refers to init.o(.text) for __scatterload
    entry9a.o(.ARM.Collect$$$$0000000B) refers to main.o(.text) for main
    entry9b.o(.ARM.Collect$$$$0000000C) refers to main.o(.text) for main
    errno.o(i.__aeabi_errno_addr) refers to errno.o(.data) for .data
    errno.o(i.__read_errno) refers to errno.o(.data) for .data
    errno.o(i.__set_errno) refers to errno.o(.data) for .data
    depilogue.o(.text) refers to depilogue.o(i.__ARM_clz) for __ARM_clz
    depilogue.o(.text) refers to llshl.o(.text) for __aeabi_llsl
    depilogue.o(.text) refers to llushr.o(.text) for __aeabi_llsr
    dflti.o(.text) refers to depilogue.o(.text) for _double_epilogue
    init.o(.text) refers to entry5.o(.ARM.Collect$$$$00000004) for __main_after_scatterload
    dsqrt.o(.text) refers to llushr.o(.text) for __aeabi_llsr
    dsqrt.o(.text) refers to depilogue.o(.text) for _double_round


==============================================================================

Removing Unused input sections from the image.

    Removing main.o(.emb_text), (8 bytes).
    Removing bthq21605v.o(.emb_text), (8 bytes).
    Removing usart.o(.emb_text), (8 bytes).
    Removing helper.o(.emb_text), (8 bytes).
    Removing stm32f0xx_it.o(.emb_text), (8 bytes).
    Removing hih8120.o(.emb_text), (8 bytes).
    Removing buttons.o(.emb_text), (8 bytes).
    Removing adc.o(.emb_text), (8 bytes).
    Removing pwm.o(.emb_text), (8 bytes).
    Removing stm32f0_discovery.o(.emb_text), (8 bytes).
    Removing stm32f0xx_tim.o(.emb_text), (8 bytes).
    Removing stm32f0xx_exti.o(.emb_text), (8 bytes).
    Removing stm32f0xx_gpio.o(.emb_text), (8 bytes).
    Removing stm32f0xx_i2c.o(.emb_text), (8 bytes).
    Removing stm32f0xx_misc.o(.emb_text), (8 bytes).
    Removing stm32f0xx_rcc.o(.emb_text), (8 bytes).
    Removing stm32f0xx_syscfg.o(.emb_text), (8 bytes).
    Removing stm32f0xx_adc.o(.emb_text), (8 bytes).
    Removing startup_stm32f0xx.o(HEAP), (512 bytes).
    Removing system_stm32f0xx.o(.emb_text), (8 bytes).

20 unused section(s) (total 664 bytes) removed from the image.

==============================================================================

Image Symbol Table

    Local Symbols

    Symbol Name                              Value     Ov Type        Size  Object(Section)

    ../clib/microlib/division.c              0x00000000   Number         0  uidiv.o ABSOLUTE
    ../clib/microlib/division.c              0x00000000   Number         0  idiv.o ABSOLUTE
    ../clib/microlib/errno.c                 0x00000000   Number         0  errno.o ABSOLUTE
    ../clib/microlib/init/entry.s            0x00000000   Number         0  entry2.o ABSOLUTE
    ../clib/microlib/init/entry.s            0x00000000   Number         0  entry5.o ABSOLUTE
    ../clib/microlib/init/entry.s            0x00000000   Number         0  entry7a.o ABSOLUTE
    ../clib/microlib/init/entry.s            0x00000000   Number         0  entry7b.o ABSOLUTE
    ../clib/microlib/init/entry.s            0x00000000   Number         0  entry.o ABSOLUTE
    ../clib/microlib/init/entry.s            0x00000000   Number         0  entry8a.o ABSOLUTE
    ../clib/microlib/init/entry.s            0x00000000   Number         0  entry8b.o ABSOLUTE
    ../clib/microlib/init/entry.s            0x00000000   Number         0  entry9a.o ABSOLUTE
    ../clib/microlib/init/entry.s            0x00000000   Number         0  entry11a.o ABSOLUTE
    ../clib/microlib/init/entry.s            0x00000000   Number         0  entry9b.o ABSOLUTE
    ../clib/microlib/init/entry.s            0x00000000   Number         0  entry10a.o ABSOLUTE
    ../clib/microlib/init/entry.s            0x00000000   Number         0  entry10b.o ABSOLUTE
    ../clib/microlib/init/entry.s            0x00000000   Number         0  entry11b.o ABSOLUTE
    ../clib/microlib/longlong.c              0x00000000   Number         0  llshl.o ABSOLUTE
    ../clib/microlib/longlong.c              0x00000000   Number         0  llushr.o ABSOLUTE
    ../clib/microlib/longlong.c              0x00000000   Number         0  llsshr.o ABSOLUTE
    ../clib/microlib/stubs.s                 0x00000000   Number         0  iusefp.o ABSOLUTE
    ../fplib/microlib/d2f.c                  0x00000000   Number         0  d2f.o ABSOLUTE
    ../fplib/microlib/f2d.c                  0x00000000   Number         0  f2d.o ABSOLUTE
    ../fplib/microlib/fpadd.c                0x00000000   Number         0  dadd.o ABSOLUTE
    ../fplib/microlib/fpadd.c                0x00000000   Number         0  fadd.o ABSOLUTE
    ../fplib/microlib/fpdiv.c                0x00000000   Number         0  ddiv.o ABSOLUTE
    ../fplib/microlib/fpdiv.c                0x00000000   Number         0  fdiv.o ABSOLUTE
    ../fplib/microlib/fpepilogue.c           0x00000000   Number         0  fepilogue.o ABSOLUTE
    ../fplib/microlib/fpepilogue.c           0x00000000   Number         0  depilogue.o ABSOLUTE
    ../fplib/microlib/fpfix.c                0x00000000   Number         0  dfixi.o ABSOLUTE
    ../fplib/microlib/fpfix.c                0x00000000   Number         0  ffixi.o ABSOLUTE
    ../fplib/microlib/fpflt.c                0x00000000   Number         0  ffltui.o ABSOLUTE
    ../fplib/microlib/fpflt.c                0x00000000   Number         0  dflti.o ABSOLUTE
    ../fplib/microlib/fpmul.c                0x00000000   Number         0  dmul.o ABSOLUTE
    ../fplib/microlib/fpmul.c                0x00000000   Number         0  fmul.o ABSOLUTE
    ../fplib/microlib/fpscalb.c              0x00000000   Number         0  dscalb.o ABSOLUTE
    ../fplib/microlib/fpsqrt.c               0x00000000   Number         0  dsqrt.o ABSOLUTE
    ../mathlib/dunder.c                      0x00000000   Number         0  dunder.o ABSOLUTE
    ../mathlib/exp.c                         0x00000000   Number         0  exp_x.o ABSOLUTE
    ../mathlib/exp.c                         0x00000000   Number         0  exp.o ABSOLUTE
    ../mathlib/fpclassify.c                  0x00000000   Number         0  fpclassify.o ABSOLUTE
    ../mathlib/log.c                         0x00000000   Number         0  log.o ABSOLUTE
    ../mathlib/log.c                         0x00000000   Number         0  log_x.o ABSOLUTE
    ../mathlib/poly.c                        0x00000000   Number         0  poly.o ABSOLUTE
    ../mathlib/pow.c                         0x00000000   Number         0  pow_x.o ABSOLUTE
    ../mathlib/pow.c                         0x00000000   Number         0  pow.o ABSOLUTE
    ../mathlib/qnan.c                        0x00000000   Number         0  qnan.o ABSOLUTE
    ../mathlib/sqrt.c                        0x00000000   Number         0  sqrt_x.o ABSOLUTE
    ../mathlib/sqrt.c                        0x00000000   Number         0  sqrt.o ABSOLUTE
    ..\..\libraries\STM32F0xx_StdPeriph_Driver\src\stm32f0xx_adc.c 0x00000000   Number         0  stm32f0xx_adc.o ABSOLUTE
    ..\..\libraries\STM32F0xx_StdPeriph_Driver\src\stm32f0xx_exti.c 0x00000000   Number         0  stm32f0xx_exti.o ABSOLUTE
    ..\..\libraries\STM32F0xx_StdPeriph_Driver\src\stm32f0xx_gpio.c 0x00000000   Number         0  stm32f0xx_gpio.o ABSOLUTE
    ..\..\libraries\STM32F0xx_StdPeriph_Driver\src\stm32f0xx_i2c.c 0x00000000   Number         0  stm32f0xx_i2c.o ABSOLUTE
    ..\..\libraries\STM32F0xx_StdPeriph_Driver\src\stm32f0xx_misc.c 0x00000000   Number         0  stm32f0xx_misc.o ABSOLUTE
    ..\..\libraries\STM32F0xx_StdPeriph_Driver\src\stm32f0xx_rcc.c 0x00000000   Number         0  stm32f0xx_rcc.o ABSOLUTE
    ..\..\libraries\STM32F0xx_StdPeriph_Driver\src\stm32f0xx_syscfg.c 0x00000000   Number         0  stm32f0xx_syscfg.o ABSOLUTE
    ..\..\libraries\STM32F0xx_StdPeriph_Driver\src\stm32f0xx_tim.c 0x00000000   Number         0  stm32f0xx_tim.o ABSOLUTE
    ..\..\utilities\STM32F0-Discovery\stm32f0_discovery.c 0x00000000   Number         0  stm32f0_discovery.o ABSOLUTE
    ..\\..\\libraries\\STM32F0xx_StdPeriph_Driver\\src\\stm32f0xx_adc.c 0x00000000   Number         0  stm32f0xx_adc.o ABSOLUTE
    ..\\..\\libraries\\STM32F0xx_StdPeriph_Driver\\src\\stm32f0xx_exti.c 0x00000000   Number         0  stm32f0xx_exti.o ABSOLUTE
    ..\\..\\libraries\\STM32F0xx_StdPeriph_Driver\\src\\stm32f0xx_gpio.c 0x00000000   Number         0  stm32f0xx_gpio.o ABSOLUTE
    ..\\..\\libraries\\STM32F0xx_StdPeriph_Driver\\src\\stm32f0xx_i2c.c 0x00000000   Number         0  stm32f0xx_i2c.o ABSOLUTE
    ..\\..\\libraries\\STM32F0xx_StdPeriph_Driver\\src\\stm32f0xx_misc.c 0x00000000   Number         0  stm32f0xx_misc.o ABSOLUTE
    ..\\..\\libraries\\STM32F0xx_StdPeriph_Driver\\src\\stm32f0xx_rcc.c 0x00000000   Number         0  stm32f0xx_rcc.o ABSOLUTE
    ..\\..\\libraries\\STM32F0xx_StdPeriph_Driver\\src\\stm32f0xx_syscfg.c 0x00000000   Number         0  stm32f0xx_syscfg.o ABSOLUTE
    ..\\..\\libraries\\STM32F0xx_StdPeriph_Driver\\src\\stm32f0xx_tim.c 0x00000000   Number         0  stm32f0xx_tim.o ABSOLUTE
    ..\\..\\utilities\\STM32F0-Discovery\\stm32f0_discovery.c 0x00000000   Number         0  stm32f0_discovery.o ABSOLUTE
    cdcmple.s                                0x00000000   Number         0  cdcmple.o ABSOLUTE
    cdrcmple.s                               0x00000000   Number         0  cdrcmple.o ABSOLUTE
    dc.s                                     0x00000000   Number         0  dc.o ABSOLUTE
    handlers.s                               0x00000000   Number         0  handlers.o ABSOLUTE
    init.s                                   0x00000000   Number         0  init.o ABSOLUTE
    src\ADC.c                                0x00000000   Number         0  adc.o ABSOLUTE
    src\Buttons.c                            0x00000000   Number         0  buttons.o ABSOLUTE
    src\HIH8120.c                            0x00000000   Number         0  hih8120.o ABSOLUTE
    src\PWM.c                                0x00000000   Number         0  pwm.o ABSOLUTE
    src\\ADC.c                               0x00000000   Number         0  adc.o ABSOLUTE
    src\\Buttons.c                           0x00000000   Number         0  buttons.o ABSOLUTE
    src\\HIH8120.c                           0x00000000   Number         0  hih8120.o ABSOLUTE
    src\\PWM.c                               0x00000000   Number         0  pwm.o ABSOLUTE
    src\\bthq21605v.c                        0x00000000   Number         0  bthq21605v.o ABSOLUTE
    src\\helper.c                            0x00000000   Number         0  helper.o ABSOLUTE
    src\\main.c                              0x00000000   Number         0  main.o ABSOLUTE
    src\\stm32f0xx_it.c                      0x00000000   Number         0  stm32f0xx_it.o ABSOLUTE
    src\\usart.c                             0x00000000   Number         0  usart.o ABSOLUTE
    src\bthq21605v.c                         0x00000000   Number         0  bthq21605v.o ABSOLUTE
    src\helper.c                             0x00000000   Number         0  helper.o ABSOLUTE
    src\main.c                               0x00000000   Number         0  main.o ABSOLUTE
    src\stm32f0xx_it.c                       0x00000000   Number         0  stm32f0xx_it.o ABSOLUTE
    src\usart.c                              0x00000000   Number         0  usart.o ABSOLUTE
    startup\\system_stm32f0xx.c              0x00000000   Number         0  system_stm32f0xx.o ABSOLUTE
    startup\startup_stm32f0xx.s              0x00000000   Number         0  startup_stm32f0xx.o ABSOLUTE
    startup\system_stm32f0xx.c               0x00000000   Number         0  system_stm32f0xx.o ABSOLUTE
    RESET                                    0x08000000   Section      192  startup_stm32f0xx.o(RESET)
    .ARM.Collect$$$$00000000                 0x080000c0   Section        0  entry.o(.ARM.Collect$$$$00000000)
    .ARM.Collect$$$$00000001                 0x080000c0   Section        4  entry2.o(.ARM.Collect$$$$00000001)
    .ARM.Collect$$$$00000004                 0x080000c4   Section        4  entry5.o(.ARM.Collect$$$$00000004)
    .ARM.Collect$$$$00000008                 0x080000c8   Section        0  entry7b.o(.ARM.Collect$$$$00000008)
    .ARM.Collect$$$$0000000A                 0x080000c8   Section        0  entry8b.o(.ARM.Collect$$$$0000000A)
    .ARM.Collect$$$$0000000B                 0x080000c8   Section        8  entry9a.o(.ARM.Collect$$$$0000000B)
    .ARM.Collect$$$$0000000D                 0x080000d0   Section        0  entry10a.o(.ARM.Collect$$$$0000000D)
    .ARM.Collect$$$$0000000F                 0x080000d0   Section        0  entry11a.o(.ARM.Collect$$$$0000000F)
    .ARM.Collect$$$$00002712                 0x080000d0   Section        4  entry2.o(.ARM.Collect$$$$00002712)
    __lit__00000000                          0x080000d0   Data           4  entry2.o(.ARM.Collect$$$$00002712)
    .text                                    0x080000d4   Section        0  main.o(.text)
    .text                                    0x080001b4   Section        0  bthq21605v.o(.text)
    .text                                    0x08000778   Section        0  usart.o(.text)
    itoa_simple_helper                       0x08000841   Thumb Code    42  usart.o(.text)
    .text                                    0x0800089c   Section        0  helper.o(.text)
    .text                                    0x080008ac   Section        0  stm32f0xx_it.o(.text)
    .text                                    0x08000930   Section        0  hih8120.o(.text)
    .text                                    0x08000a54   Section        0  buttons.o(.text)
    .text                                    0x08000c68   Section        0  adc.o(.text)
    .text                                    0x08000e14   Section        0  pwm.o(.text)
    .text                                    0x08001054   Section        0  stm32f0_discovery.o(.text)
    .text                                    0x08001170   Section        0  stm32f0xx_tim.o(.text)
    TI2_Config                               0x08001755   Thumb Code    42  stm32f0xx_tim.o(.text)
    TI1_Config                               0x0800178f   Thumb Code    40  stm32f0xx_tim.o(.text)
    .text                                    0x08001a8c   Section        0  stm32f0xx_exti.o(.text)
    .text                                    0x08001b60   Section        0  stm32f0xx_gpio.o(.text)
    .text                                    0x08001cbc   Section        0  stm32f0xx_i2c.o(.text)
    .text                                    0x08001ffc   Section        0  stm32f0xx_misc.o(.text)
    .text                                    0x08002078   Section        0  stm32f0xx_rcc.o(.text)
    .text                                    0x08002484   Section        0  stm32f0xx_syscfg.o(.text)
    .text                                    0x0800251c   Section        0  stm32f0xx_adc.o(.text)
    .text                                    0x08002740   Section       28  startup_stm32f0xx.o(.text)
    .text                                    0x0800275c   Section        0  system_stm32f0xx.o(.text)
    SetSysClock                              0x0800280b   Thumb Code   142  system_stm32f0xx.o(.text)
    .text                                    0x080028b4   Section        0  uidiv.o(.text)
    .text                                    0x080028e0   Section        0  idiv.o(.text)
    .text                                    0x08002908   Section        0  fadd.o(.text)
    .text                                    0x080029ba   Section        0  fmul.o(.text)
    .text                                    0x08002a34   Section        0  fdiv.o(.text)
    .text                                    0x08002ab0   Section        0  dadd.o(.text)
    .text                                    0x08002c14   Section        0  dmul.o(.text)
    .text                                    0x08002ce4   Section        0  ddiv.o(.text)
    .text                                    0x08002dd4   Section        0  dscalb.o(.text)
    .text                                    0x08002e00   Section        0  ffltui.o(.text)
    .text                                    0x08002e0e   Section        0  ffixi.o(.text)
    .text                                    0x08002e40   Section        0  dfixi.o(.text)
    .text                                    0x08002e88   Section        0  f2d.o(.text)
    .text                                    0x08002eb0   Section        0  d2f.o(.text)
    .text                                    0x08002ee8   Section        0  llshl.o(.text)
    .text                                    0x08002f08   Section        0  llushr.o(.text)
    .text                                    0x08002f2a   Section        0  llsshr.o(.text)
    .text                                    0x08002f50   Section        0  fepilogue.o(.text)
    .text                                    0x08002f50   Section        0  iusefp.o(.text)
    .text                                    0x08002fd2   Section        0  depilogue.o(.text)
    .text                                    0x08003090   Section        0  dflti.o(.text)
    .text                                    0x080030b8   Section       40  cdcmple.o(.text)
    .text                                    0x080030e0   Section       40  cdrcmple.o(.text)
    .text                                    0x08003108   Section       36  init.o(.text)
    .text                                    0x0800312c   Section        0  dsqrt.o(.text)
    i.__ARM_clz                              0x080031ce   Section        0  depilogue.o(i.__ARM_clz)
    i.__ARM_fpclassify                       0x080031fc   Section        0  fpclassify.o(i.__ARM_fpclassify)
    i.__kernel_poly                          0x08003228   Section        0  poly.o(i.__kernel_poly)
    i.__mathlib_dbl_divzero                  0x080032d4   Section        0  dunder.o(i.__mathlib_dbl_divzero)
    i.__mathlib_dbl_infnan                   0x080032e8   Section        0  dunder.o(i.__mathlib_dbl_infnan)
    i.__mathlib_dbl_infnan2                  0x080032f2   Section        0  dunder.o(i.__mathlib_dbl_infnan2)
    i.__mathlib_dbl_invalid                  0x080032fa   Section        0  dunder.o(i.__mathlib_dbl_invalid)
    i.__mathlib_dbl_overflow                 0x0800330c   Section        0  dunder.o(i.__mathlib_dbl_overflow)
    i.__mathlib_dbl_underflow                0x08003320   Section        0  dunder.o(i.__mathlib_dbl_underflow)
    i.__scatterload_copy                     0x08003334   Section       14  handlers.o(i.__scatterload_copy)
    i.__scatterload_null                     0x08003342   Section        2  handlers.o(i.__scatterload_null)
    i.__scatterload_zeroinit                 0x08003344   Section       14  handlers.o(i.__scatterload_zeroinit)
    i.__set_errno                            0x08003354   Section        0  errno.o(i.__set_errno)
    i.exp                                    0x08003360   Section        0  exp.o(i.exp)
    i.log                                    0x080035dc   Section        0  log.o(i.log)
    i.pow                                    0x08003930   Section        0  pow.o(i.pow)
    i.sqrt                                   0x0800432c   Section        0  sqrt.o(i.sqrt)
    .constdata                               0x08004374   Section       28  stm32f0_discovery.o(.constdata)
    .constdata                               0x08004390   Section       88  exp.o(.constdata)
    halF                                     0x08004390   Data          16  exp.o(.constdata)
    ln2HI                                    0x080043a0   Data          16  exp.o(.constdata)
    ln2LO                                    0x080043b0   Data          16  exp.o(.constdata)
    P                                        0x080043c0   Data          40  exp.o(.constdata)
    .constdata                               0x080043e8   Section       56  log.o(.constdata)
    Lg2                                      0x080043e8   Data          24  log.o(.constdata)
    Lg                                       0x08004400   Data          32  log.o(.constdata)
    .constdata                               0x08004420   Section      136  pow.o(.constdata)
    bp                                       0x08004420   Data          16  pow.o(.constdata)
    dp_h                                     0x08004430   Data          16  pow.o(.constdata)
    dp_l                                     0x08004440   Data          16  pow.o(.constdata)
    L                                        0x08004450   Data          48  pow.o(.constdata)
    P                                        0x08004480   Data          40  pow.o(.constdata)
    .constdata                               0x080044a8   Section        8  qnan.o(.constdata)
    .data                                    0x20000000   Section        4  bthq21605v.o(.data)
    .data                                    0x20000004   Section        1  usart.o(.data)
    .data                                    0x20000008   Section        4  buttons.o(.data)
    .data                                    0x2000000c   Section       12  pwm.o(.data)
    .data                                    0x20000018   Section        4  pwm.o(.data)
    .data                                    0x2000001c   Section        4  pwm.o(.data)
    .data                                    0x20000020   Section        4  pwm.o(.data)
    .data                                    0x20000024   Section       12  stm32f0_discovery.o(.data)
    .data                                    0x20000030   Section       16  stm32f0xx_rcc.o(.data)
    APBAHBPrescTable                         0x20000030   Data          16  stm32f0xx_rcc.o(.data)
    .data                                    0x20000040   Section       20  system_stm32f0xx.o(.data)
    .data                                    0x20000054   Section        4  errno.o(.data)
    _errno                                   0x20000054   Data           4  errno.o(.data)
    STACK                                    0x20000058   Section     1024  startup_stm32f0xx.o(STACK)

    Global Symbols

    Symbol Name                              Value     Ov Type        Size  Object(Section)

    BuildAttributes$$THM_ISAv3M$S$PE$A:L22$X:L11$S22$IEEE1$IW$USESV6$~STKCKD$USESV7$~SHL$OTIME$ROPI$IEEEX$EBA8$MICROLIB$REQ8$PRES8$EABIv2 0x00000000   Number         0  anon$$obj.o ABSOLUTE
    __ARM_use_no_argv                        0x00000000   Number         0  main.o ABSOLUTE
    __cpp_initialize__aeabi_                  - Undefined Weak Reference
    __cxa_finalize                            - Undefined Weak Reference
    __decompress                              - Undefined Weak Reference
    _clock_init                               - Undefined Weak Reference
    _microlib_exit                            - Undefined Weak Reference
    __Vectors_Size                           0x000000c0   Number         0  startup_stm32f0xx.o ABSOLUTE
    __Vectors                                0x08000000   Data           4  startup_stm32f0xx.o(RESET)
    __Vectors_End                            0x080000c0   Data           0  startup_stm32f0xx.o(RESET)
    __main                                   0x080000c1   Thumb Code     0  entry.o(.ARM.Collect$$$$00000000)
    _main_stk                                0x080000c1   Thumb Code     0  entry2.o(.ARM.Collect$$$$00000001)
    _main_scatterload                        0x080000c5   Thumb Code     0  entry5.o(.ARM.Collect$$$$00000004)
    __main_after_scatterload                 0x080000c9   Thumb Code     0  entry5.o(.ARM.Collect$$$$00000004)
    _main_clock                              0x080000c9   Thumb Code     0  entry7b.o(.ARM.Collect$$$$00000008)
    _main_cpp_init                           0x080000c9   Thumb Code     0  entry8b.o(.ARM.Collect$$$$0000000A)
    _main_init                               0x080000c9   Thumb Code     0  entry9a.o(.ARM.Collect$$$$0000000B)
    __rt_final_cpp                           0x080000d1   Thumb Code     0  entry10a.o(.ARM.Collect$$$$0000000D)
    __rt_final_exit                          0x080000d1   Thumb Code     0  entry11a.o(.ARM.Collect$$$$0000000F)
    main                                     0x080000d5   Thumb Code   182  main.o(.text)
    BTHQ21605V_Setup                         0x080001b5   Thumb Code   160  bthq21605v.o(.text)
    BTHQ21605V_WaitForI2CFlag                0x08000255   Thumb Code    60  bthq21605v.o(.text)
    BTHQ21605V_ReadStatus                    0x08000291   Thumb Code   120  bthq21605v.o(.text)
    BTHQ21605V_PowerOn                       0x08000309   Thumb Code   238  bthq21605v.o(.text)
    BTHQ21605V_WriteInstruction              0x080003f7   Thumb Code    86  bthq21605v.o(.text)
    BTHQ21605V_Home                          0x0800044d   Thumb Code     4  bthq21605v.o(.text)
    BTHQ21605V_Clear                         0x08000451   Thumb Code   104  bthq21605v.o(.text)
    BTHQ21605V_GotoXY                        0x080004b9   Thumb Code    10  bthq21605v.o(.text)
    BTHQ21605V_WriteData                     0x080004c3   Thumb Code    86  bthq21605v.o(.text)
    BTHQ21605V_ReadData                      0x08000519   Thumb Code   108  bthq21605v.o(.text)
    BTHQ21605V_Putc                          0x08000585   Thumb Code     6  bthq21605v.o(.text)
    BTHQ21605V_Puts                          0x0800058b   Thumb Code   140  bthq21605v.o(.text)
    BTHQ21605V_Getc                          0x08000617   Thumb Code    12  bthq21605v.o(.text)
    SetDisplay                               0x08000623   Thumb Code   242  bthq21605v.o(.text)
    USART_init                               0x08000779   Thumb Code    66  usart.o(.text)
    USART_putc                               0x080007bb   Thumb Code    16  usart.o(.text)
    USART_putstr                             0x080007cb   Thumb Code    32  usart.o(.text)
    USART_getc                               0x080007eb   Thumb Code    32  usart.o(.text)
    USART_getstr                             0x0800080b   Thumb Code    24  usart.o(.text)
    USART_clearscreen                        0x08000823   Thumb Code    30  usart.o(.text)
    itoa_simple                              0x0800086b   Thumb Code    30  usart.o(.text)
    Delay                                    0x0800089d   Thumb Code    14  helper.o(.text)
    NMI_Handler                              0x080008ad   Thumb Code     2  stm32f0xx_it.o(.text)
    HardFault_Handler                        0x080008af   Thumb Code     2  stm32f0xx_it.o(.text)
    SVC_Handler                              0x080008b1   Thumb Code     2  stm32f0xx_it.o(.text)
    PendSV_Handler                           0x080008b3   Thumb Code     2  stm32f0xx_it.o(.text)
    SysTick_Handler                          0x080008b5   Thumb Code     2  stm32f0xx_it.o(.text)
    USART1_IRQHandler                        0x080008b7   Thumb Code    20  stm32f0xx_it.o(.text)
    EXTI0_1_IRQHandler                       0x080008cb   Thumb Code     2  stm32f0xx_it.o(.text)
    EXTI4_15_IRQHandler                      0x080008cd   Thumb Code    92  stm32f0xx_it.o(.text)
    MesureHIH8120                            0x08000931   Thumb Code   154  hih8120.o(.text)
    ReadHumidity                             0x080009cb   Thumb Code    48  hih8120.o(.text)
    ReadTemperature                          0x080009fb   Thumb Code    58  hih8120.o(.text)
    InputEnable                              0x08000a55   Thumb Code   200  buttons.o(.text)
    InputDisable                             0x08000b1d   Thumb Code   110  buttons.o(.text)
    SetNextMode                              0x08000b8b   Thumb Code    40  buttons.o(.text)
    DesiredUp                                0x08000bb3   Thumb Code    70  buttons.o(.text)
    DesiredDown                              0x08000bf9   Thumb Code    78  buttons.o(.text)
    ADC_Setup                                0x08000c69   Thumb Code   112  adc.o(.text)
    MeasureADC                               0x08000cd9   Thumb Code   248  adc.o(.text)
    extra                                    0x08000dd1   Thumb Code     2  adc.o(.text)
    PWMConfig                                0x08000e15   Thumb Code   200  pwm.o(.text)
    left                                     0x08000edd   Thumb Code    58  pwm.o(.text)
    right                                    0x08000f17   Thumb Code    58  pwm.o(.text)
    setServo                                 0x08000f51   Thumb Code    96  pwm.o(.text)
    setTemperature                           0x08000fb1   Thumb Code    74  pwm.o(.text)
    setHunmidity                             0x08000ffb   Thumb Code    38  pwm.o(.text)
    STM_EVAL_LEDInit                         0x08001055   Thumb Code    52  stm32f0_discovery.o(.text)
    STM_EVAL_LEDOn                           0x08001089   Thumb Code    18  stm32f0_discovery.o(.text)
    STM_EVAL_LEDOff                          0x0800109b   Thumb Code    18  stm32f0_discovery.o(.text)
    STM_EVAL_LEDToggle                       0x080010ad   Thumb Code    22  stm32f0_discovery.o(.text)
    STM_EVAL_PBInit                          0x080010c3   Thumb Code   140  stm32f0_discovery.o(.text)
    STM_EVAL_PBGetState                      0x0800114f   Thumb Code    24  stm32f0_discovery.o(.text)
    TIM_DeInit                               0x08001171   Thumb Code   152  stm32f0xx_tim.o(.text)
    TIM_TimeBaseInit                         0x08001209   Thumb Code    88  stm32f0xx_tim.o(.text)
    TIM_TimeBaseStructInit                   0x08001261   Thumb Code    18  stm32f0xx_tim.o(.text)
    TIM_PrescalerConfig                      0x08001273   Thumb Code     6  stm32f0xx_tim.o(.text)
    TIM_CounterModeConfig                    0x08001279   Thumb Code    12  stm32f0xx_tim.o(.text)
    TIM_SetCounter                           0x08001285   Thumb Code     4  stm32f0xx_tim.o(.text)
    TIM_SetAutoreload                        0x08001289   Thumb Code     4  stm32f0xx_tim.o(.text)
    TIM_GetCounter                           0x0800128d   Thumb Code     4  stm32f0xx_tim.o(.text)
    TIM_GetPrescaler                         0x08001291   Thumb Code     4  stm32f0xx_tim.o(.text)
    TIM_UpdateDisableConfig                  0x08001295   Thumb Code    18  stm32f0xx_tim.o(.text)
    TIM_UpdateRequestConfig                  0x080012a7   Thumb Code    18  stm32f0xx_tim.o(.text)
    TIM_ARRPreloadConfig                     0x080012b9   Thumb Code    18  stm32f0xx_tim.o(.text)
    TIM_SelectOnePulseMode                   0x080012cb   Thumb Code    16  stm32f0xx_tim.o(.text)
    TIM_SetClockDivision                     0x080012db   Thumb Code    16  stm32f0xx_tim.o(.text)
    TIM_Cmd                                  0x080012eb   Thumb Code    20  stm32f0xx_tim.o(.text)
    TIM_BDTRConfig                           0x080012ff   Thumb Code    34  stm32f0xx_tim.o(.text)
    TIM_BDTRStructInit                       0x08001321   Thumb Code    18  stm32f0xx_tim.o(.text)
    TIM_CtrlPWMOutputs                       0x08001333   Thumb Code    24  stm32f0xx_tim.o(.text)
    TIM_OC1Init                              0x0800134b   Thumb Code   104  stm32f0xx_tim.o(.text)
    TIM_OC2Init                              0x080013b3   Thumb Code   110  stm32f0xx_tim.o(.text)
    TIM_OC3Init                              0x08001421   Thumb Code   110  stm32f0xx_tim.o(.text)
    TIM_OC4Init                              0x0800148f   Thumb Code    78  stm32f0xx_tim.o(.text)
    TIM_OCStructInit                         0x080014dd   Thumb Code    20  stm32f0xx_tim.o(.text)
    TIM_SelectOCxM                           0x080014f1   Thumb Code    70  stm32f0xx_tim.o(.text)
    TIM_SetCompare1                          0x08001537   Thumb Code     4  stm32f0xx_tim.o(.text)
    TIM_SetCompare2                          0x0800153b   Thumb Code     4  stm32f0xx_tim.o(.text)
    TIM_SetCompare3                          0x0800153f   Thumb Code     4  stm32f0xx_tim.o(.text)
    TIM_SetCompare4                          0x08001543   Thumb Code     4  stm32f0xx_tim.o(.text)
    TIM_ForcedOC1Config                      0x08001547   Thumb Code    86  stm32f0xx_tim.o(.text)
    TIM_ForcedOC2Config                      0x0800159d   Thumb Code    14  stm32f0xx_tim.o(.text)
    TIM_ForcedOC3Config                      0x080015ab   Thumb Code    12  stm32f0xx_tim.o(.text)
    TIM_ForcedOC4Config                      0x080015b7   Thumb Code    14  stm32f0xx_tim.o(.text)
    TIM_CCPreloadControl                     0x080015c5   Thumb Code    20  stm32f0xx_tim.o(.text)
    TIM_OC1PreloadConfig                     0x080015d9   Thumb Code    12  stm32f0xx_tim.o(.text)
    TIM_OC2PreloadConfig                     0x080015e5   Thumb Code    14  stm32f0xx_tim.o(.text)
    TIM_OC3PreloadConfig                     0x080015f3   Thumb Code    12  stm32f0xx_tim.o(.text)
    TIM_OC4PreloadConfig                     0x080015ff   Thumb Code    14  stm32f0xx_tim.o(.text)
    TIM_OC1FastConfig                        0x0800160d   Thumb Code    12  stm32f0xx_tim.o(.text)
    TIM_OC2FastConfig                        0x08001619   Thumb Code    14  stm32f0xx_tim.o(.text)
    TIM_OC3FastConfig                        0x08001627   Thumb Code    12  stm32f0xx_tim.o(.text)
    TIM_OC4FastConfig                        0x08001633   Thumb Code    14  stm32f0xx_tim.o(.text)
    TIM_ClearOC1Ref                          0x08001641   Thumb Code    12  stm32f0xx_tim.o(.text)
    TIM_ClearOC2Ref                          0x0800164d   Thumb Code    14  stm32f0xx_tim.o(.text)
    TIM_ClearOC3Ref                          0x0800165b   Thumb Code    12  stm32f0xx_tim.o(.text)
    TIM_ClearOC4Ref                          0x08001667   Thumb Code    14  stm32f0xx_tim.o(.text)
    TIM_OC1PolarityConfig                    0x08001675   Thumb Code    12  stm32f0xx_tim.o(.text)
    TIM_OC1NPolarityConfig                   0x08001681   Thumb Code    12  stm32f0xx_tim.o(.text)
    TIM_OC2PolarityConfig                    0x0800168d   Thumb Code    14  stm32f0xx_tim.o(.text)
    TIM_OC2NPolarityConfig                   0x0800169b   Thumb Code    14  stm32f0xx_tim.o(.text)
    TIM_OC3PolarityConfig                    0x080016a9   Thumb Code    14  stm32f0xx_tim.o(.text)
    TIM_OC3NPolarityConfig                   0x080016b7   Thumb Code    14  stm32f0xx_tim.o(.text)
    TIM_OC4PolarityConfig                    0x080016c5   Thumb Code    14  stm32f0xx_tim.o(.text)
    TIM_SelectOCREFClear                     0x080016d3   Thumb Code    16  stm32f0xx_tim.o(.text)
    TIM_CCxCmd                               0x080016e3   Thumb Code    22  stm32f0xx_tim.o(.text)
    TIM_CCxNCmd                              0x080016f9   Thumb Code    22  stm32f0xx_tim.o(.text)
    TIM_SelectCOM                            0x0800170f   Thumb Code    18  stm32f0xx_tim.o(.text)
    TIM_SetIC4Prescaler                      0x08001721   Thumb Code    18  stm32f0xx_tim.o(.text)
    TIM_SetIC3Prescaler                      0x08001733   Thumb Code    16  stm32f0xx_tim.o(.text)
    TIM_SetIC2Prescaler                      0x08001743   Thumb Code    18  stm32f0xx_tim.o(.text)
    TIM_SetIC1Prescaler                      0x0800177f   Thumb Code    16  stm32f0xx_tim.o(.text)
    TIM_ICInit                               0x080017b7   Thumb Code   162  stm32f0xx_tim.o(.text)
    TIM_ICStructInit                         0x08001859   Thumb Code    16  stm32f0xx_tim.o(.text)
    TIM_PWMIConfig                           0x08001869   Thumb Code   104  stm32f0xx_tim.o(.text)
    TIM_GetCapture1                          0x080018d1   Thumb Code     4  stm32f0xx_tim.o(.text)
    TIM_GetCapture2                          0x080018d5   Thumb Code     4  stm32f0xx_tim.o(.text)
    TIM_GetCapture3                          0x080018d9   Thumb Code     4  stm32f0xx_tim.o(.text)
    TIM_GetCapture4                          0x080018dd   Thumb Code     4  stm32f0xx_tim.o(.text)
    TIM_ITConfig                             0x080018e1   Thumb Code    16  stm32f0xx_tim.o(.text)
    TIM_GenerateEvent                        0x080018f1   Thumb Code     4  stm32f0xx_tim.o(.text)
    TIM_GetFlagStatus                        0x080018f5   Thumb Code    14  stm32f0xx_tim.o(.text)
    TIM_ClearFlag                            0x08001903   Thumb Code     6  stm32f0xx_tim.o(.text)
    TIM_GetITStatus                          0x08001909   Thumb Code    24  stm32f0xx_tim.o(.text)
    TIM_ClearITPendingBit                    0x08001921   Thumb Code     6  stm32f0xx_tim.o(.text)
    TIM_DMAConfig                            0x08001927   Thumb Code     8  stm32f0xx_tim.o(.text)
    TIM_DMACmd                               0x0800192f   Thumb Code    16  stm32f0xx_tim.o(.text)
    TIM_SelectCCDMA                          0x0800193f   Thumb Code    18  stm32f0xx_tim.o(.text)
    TIM_InternalClockConfig                  0x08001951   Thumb Code    10  stm32f0xx_tim.o(.text)
    TIM_SelectInputTrigger                   0x0800195b   Thumb Code    12  stm32f0xx_tim.o(.text)
    TIM_ITRxExternalClockConfig              0x08001967   Thumb Code    62  stm32f0xx_tim.o(.text)
    TIM_TIxExternalClockConfig               0x080019a5   Thumb Code    48  stm32f0xx_tim.o(.text)
    TIM_ETRConfig                            0x080019d5   Thumb Code    18  stm32f0xx_tim.o(.text)
    TIM_ETRClockMode1Config                  0x080019e7   Thumb Code    28  stm32f0xx_tim.o(.text)
    TIM_ETRClockMode2Config                  0x08001a03   Thumb Code    20  stm32f0xx_tim.o(.text)
    TIM_SelectOutputTrigger                  0x08001a17   Thumb Code    16  stm32f0xx_tim.o(.text)
    TIM_SelectSlaveMode                      0x08001a27   Thumb Code    16  stm32f0xx_tim.o(.text)
    TIM_SelectMasterSlaveMode                0x08001a37   Thumb Code    16  stm32f0xx_tim.o(.text)
    TIM_EncoderInterfaceConfig               0x08001a47   Thumb Code    42  stm32f0xx_tim.o(.text)
    TIM_SelectHallSensor                     0x08001a71   Thumb Code    18  stm32f0xx_tim.o(.text)
    TIM_RemapConfig                          0x08001a83   Thumb Code     6  stm32f0xx_tim.o(.text)
    EXTI_DeInit                              0x08001a8d   Thumb Code    20  stm32f0xx_exti.o(.text)
    EXTI_Init                                0x08001aa1   Thumb Code   102  stm32f0xx_exti.o(.text)
    EXTI_StructInit                          0x08001b07   Thumb Code    14  stm32f0xx_exti.o(.text)
    EXTI_GenerateSWInterrupt                 0x08001b15   Thumb Code    10  stm32f0xx_exti.o(.text)
    EXTI_GetFlagStatus                       0x08001b1f   Thumb Code    16  stm32f0xx_exti.o(.text)
    EXTI_ClearFlag                           0x08001b2f   Thumb Code     6  stm32f0xx_exti.o(.text)
    EXTI_GetITStatus                         0x08001b35   Thumb Code    24  stm32f0xx_exti.o(.text)
    EXTI_ClearITPendingBit                   0x08001b4d   Thumb Code     6  stm32f0xx_exti.o(.text)
    GPIO_DeInit                              0x08001b61   Thumb Code    78  stm32f0xx_gpio.o(.text)
    GPIO_Init                                0x08001baf   Thumb Code   112  stm32f0xx_gpio.o(.text)
    GPIO_StructInit                          0x08001c1f   Thumb Code    18  stm32f0xx_gpio.o(.text)
    GPIO_PinLockConfig                       0x08001c31   Thumb Code    26  stm32f0xx_gpio.o(.text)
    GPIO_ReadInputDataBit                    0x08001c4b   Thumb Code    14  stm32f0xx_gpio.o(.text)
    GPIO_ReadInputData                       0x08001c59   Thumb Code     4  stm32f0xx_gpio.o(.text)
    GPIO_ReadOutputDataBit                   0x08001c5d   Thumb Code    14  stm32f0xx_gpio.o(.text)
    GPIO_ReadOutputData                      0x08001c6b   Thumb Code     4  stm32f0xx_gpio.o(.text)
    GPIO_SetBits                             0x08001c6f   Thumb Code     4  stm32f0xx_gpio.o(.text)
    GPIO_ResetBits                           0x08001c73   Thumb Code     4  stm32f0xx_gpio.o(.text)
    GPIO_WriteBit                            0x08001c77   Thumb Code    12  stm32f0xx_gpio.o(.text)
    GPIO_Write                               0x08001c83   Thumb Code     4  stm32f0xx_gpio.o(.text)
    GPIO_PinAFConfig                         0x08001c87   Thumb Code    32  stm32f0xx_gpio.o(.text)
    I2C_DeInit                               0x08001cbd   Thumb Code    34  stm32f0xx_i2c.o(.text)
    I2C_Init                                 0x08001cdf   Thumb Code    92  stm32f0xx_i2c.o(.text)
    I2C_StructInit                           0x08001d3b   Thumb Code    22  stm32f0xx_i2c.o(.text)
    I2C_Cmd                                  0x08001d51   Thumb Code    20  stm32f0xx_i2c.o(.text)
    I2C_SoftwareResetCmd                     0x08001d65   Thumb Code    20  stm32f0xx_i2c.o(.text)
    I2C_ITConfig                             0x08001d79   Thumb Code    16  stm32f0xx_i2c.o(.text)
    I2C_StretchClockCmd                      0x08001d89   Thumb Code    20  stm32f0xx_i2c.o(.text)
    I2C_StopModeCmd                          0x08001d9d   Thumb Code    20  stm32f0xx_i2c.o(.text)
    I2C_DualAddressCmd                       0x08001db1   Thumb Code    20  stm32f0xx_i2c.o(.text)
    I2C_OwnAddress2Config                    0x08001dc5   Thumb Code    24  stm32f0xx_i2c.o(.text)
    I2C_GeneralCallCmd                       0x08001ddd   Thumb Code    20  stm32f0xx_i2c.o(.text)
    I2C_SlaveByteControlCmd                  0x08001df1   Thumb Code    20  stm32f0xx_i2c.o(.text)
    I2C_SlaveAddressConfig                   0x08001e05   Thumb Code    16  stm32f0xx_i2c.o(.text)
    I2C_10BitAddressingModeCmd               0x08001e15   Thumb Code    20  stm32f0xx_i2c.o(.text)
    I2C_AutoEndCmd                           0x08001e29   Thumb Code    20  stm32f0xx_i2c.o(.text)
    I2C_ReloadCmd                            0x08001e3d   Thumb Code    20  stm32f0xx_i2c.o(.text)
    I2C_NumberOfBytesConfig                  0x08001e51   Thumb Code    16  stm32f0xx_i2c.o(.text)
    I2C_MasterRequestConfig                  0x08001e61   Thumb Code    20  stm32f0xx_i2c.o(.text)
    I2C_GenerateSTART                        0x08001e75   Thumb Code    20  stm32f0xx_i2c.o(.text)
    I2C_GenerateSTOP                         0x08001e89   Thumb Code    20  stm32f0xx_i2c.o(.text)
    I2C_10BitAddressHeaderCmd                0x08001e9d   Thumb Code    20  stm32f0xx_i2c.o(.text)
    I2C_AcknowledgeConfig                    0x08001eb1   Thumb Code    20  stm32f0xx_i2c.o(.text)
    I2C_GetAddressMatched                    0x08001ec5   Thumb Code    10  stm32f0xx_i2c.o(.text)
    I2C_GetTransferDirection                 0x08001ecf   Thumb Code    18  stm32f0xx_i2c.o(.text)
    I2C_TransferHandling                     0x08001ee1   Thumb Code    28  stm32f0xx_i2c.o(.text)
    I2C_SMBusAlertCmd                        0x08001efd   Thumb Code    20  stm32f0xx_i2c.o(.text)
    I2C_ClockTimeoutCmd                      0x08001f11   Thumb Code    20  stm32f0xx_i2c.o(.text)
    I2C_ExtendedClockTimeoutCmd              0x08001f25   Thumb Code    22  stm32f0xx_i2c.o(.text)
    I2C_IdleClockTimeoutCmd                  0x08001f3b   Thumb Code    20  stm32f0xx_i2c.o(.text)
    I2C_TimeoutAConfig                       0x08001f4f   Thumb Code    16  stm32f0xx_i2c.o(.text)
    I2C_TimeoutBConfig                       0x08001f5f   Thumb Code    16  stm32f0xx_i2c.o(.text)
    I2C_CalculatePEC                         0x08001f6f   Thumb Code    20  stm32f0xx_i2c.o(.text)
    I2C_PECRequestCmd                        0x08001f83   Thumb Code    20  stm32f0xx_i2c.o(.text)
    I2C_GetPEC                               0x08001f97   Thumb Code     6  stm32f0xx_i2c.o(.text)
    I2C_ReadRegister                         0x08001f9d   Thumb Code    10  stm32f0xx_i2c.o(.text)
    I2C_SendData                             0x08001fa7   Thumb Code     4  stm32f0xx_i2c.o(.text)
    I2C_ReceiveData                          0x08001fab   Thumb Code     6  stm32f0xx_i2c.o(.text)
    I2C_DMACmd                               0x08001fb1   Thumb Code    16  stm32f0xx_i2c.o(.text)
    I2C_GetFlagStatus                        0x08001fc1   Thumb Code    14  stm32f0xx_i2c.o(.text)
    I2C_ClearFlag                            0x08001fcf   Thumb Code     4  stm32f0xx_i2c.o(.text)
    I2C_GetITStatus                          0x08001fd3   Thumb Code    14  stm32f0xx_i2c.o(.text)
    I2C_ClearITPendingBit                    0x08001fe1   Thumb Code     4  stm32f0xx_i2c.o(.text)
    NVIC_Init                                0x08001ffd   Thumb Code    70  stm32f0xx_misc.o(.text)
    NVIC_SystemLPConfig                      0x08002043   Thumb Code    18  stm32f0xx_misc.o(.text)
    SysTick_CLKSourceConfig                  0x08002055   Thumb Code    20  stm32f0xx_misc.o(.text)
    RCC_DeInit                               0x08002079   Thumb Code    78  stm32f0xx_rcc.o(.text)
    RCC_HSEConfig                            0x080020c7   Thumb Code    10  stm32f0xx_rcc.o(.text)
    RCC_GetFlagStatus                        0x080020d1   Thumb Code    48  stm32f0xx_rcc.o(.text)
    RCC_WaitForHSEStartUp                    0x08002101   Thumb Code    44  stm32f0xx_rcc.o(.text)
    RCC_AdjustHSICalibrationValue            0x0800212d   Thumb Code    16  stm32f0xx_rcc.o(.text)
    RCC_HSICmd                               0x0800213d   Thumb Code    22  stm32f0xx_rcc.o(.text)
    RCC_AdjustHSI14CalibrationValue          0x08002153   Thumb Code    16  stm32f0xx_rcc.o(.text)
    RCC_HSI14Cmd                             0x08002163   Thumb Code    22  stm32f0xx_rcc.o(.text)
    RCC_HSI14ADCRequestCmd                   0x08002179   Thumb Code    20  stm32f0xx_rcc.o(.text)
    RCC_LSEConfig                            0x0800218d   Thumb Code    26  stm32f0xx_rcc.o(.text)
    RCC_LSEDriveConfig                       0x080021a7   Thumb Code    18  stm32f0xx_rcc.o(.text)
    RCC_LSICmd                               0x080021b9   Thumb Code    22  stm32f0xx_rcc.o(.text)
    RCC_PLLConfig                            0x080021cf   Thumb Code    24  stm32f0xx_rcc.o(.text)
    RCC_PLLCmd                               0x080021e7   Thumb Code    22  stm32f0xx_rcc.o(.text)
    RCC_PREDIV1Config                        0x080021fd   Thumb Code    14  stm32f0xx_rcc.o(.text)
    RCC_ClockSecuritySystemCmd               0x0800220b   Thumb Code    22  stm32f0xx_rcc.o(.text)
    RCC_MCOConfig                            0x08002221   Thumb Code     6  stm32f0xx_rcc.o(.text)
    RCC_SYSCLKConfig                         0x08002227   Thumb Code    14  stm32f0xx_rcc.o(.text)
    RCC_GetSYSCLKSource                      0x08002235   Thumb Code    10  stm32f0xx_rcc.o(.text)
    RCC_HCLKConfig                           0x0800223f   Thumb Code    14  stm32f0xx_rcc.o(.text)
    RCC_PCLKConfig                           0x0800224d   Thumb Code    16  stm32f0xx_rcc.o(.text)
    RCC_ADCCLKConfig                         0x0800225d   Thumb Code    38  stm32f0xx_rcc.o(.text)
    RCC_CECCLKConfig                         0x08002283   Thumb Code    18  stm32f0xx_rcc.o(.text)
    RCC_I2CCLKConfig                         0x08002295   Thumb Code    18  stm32f0xx_rcc.o(.text)
    RCC_USARTCLKConfig                       0x080022a7   Thumb Code    18  stm32f0xx_rcc.o(.text)
    RCC_GetClocksFreq                        0x080022b9   Thumb Code   208  stm32f0xx_rcc.o(.text)
    RCC_RTCCLKConfig                         0x08002389   Thumb Code    10  stm32f0xx_rcc.o(.text)
    RCC_RTCCLKCmd                            0x08002393   Thumb Code    20  stm32f0xx_rcc.o(.text)
    RCC_BackupResetCmd                       0x080023a7   Thumb Code    22  stm32f0xx_rcc.o(.text)
    RCC_AHBPeriphClockCmd                    0x080023bd   Thumb Code    18  stm32f0xx_rcc.o(.text)
    RCC_APB2PeriphClockCmd                   0x080023cf   Thumb Code    18  stm32f0xx_rcc.o(.text)
    RCC_APB1PeriphClockCmd                   0x080023e1   Thumb Code    18  stm32f0xx_rcc.o(.text)
    RCC_AHBPeriphResetCmd                    0x080023f3   Thumb Code    18  stm32f0xx_rcc.o(.text)
    RCC_APB2PeriphResetCmd                   0x08002405   Thumb Code    18  stm32f0xx_rcc.o(.text)
    RCC_APB1PeriphResetCmd                   0x08002417   Thumb Code    18  stm32f0xx_rcc.o(.text)
    RCC_ITConfig                             0x08002429   Thumb Code    18  stm32f0xx_rcc.o(.text)
    RCC_ClearFlag                            0x0800243b   Thumb Code    14  stm32f0xx_rcc.o(.text)
    RCC_GetITStatus                          0x08002449   Thumb Code    48  stm32f0xx_rcc.o(.text)
    RCC_ClearITPendingBit                    0x08002479   Thumb Code     6  stm32f0xx_rcc.o(.text)
    SYSCFG_DeInit                            0x08002485   Thumb Code    30  stm32f0xx_syscfg.o(.text)
    SYSCFG_MemoryRemapConfig                 0x080024a3   Thumb Code    14  stm32f0xx_syscfg.o(.text)
    SYSCFG_DMAChannelRemapConfig             0x080024b1   Thumb Code    18  stm32f0xx_syscfg.o(.text)
    SYSCFG_I2CFastModePlusConfig             0x080024c3   Thumb Code    18  stm32f0xx_syscfg.o(.text)
    SYSCFG_EXTILineConfig                    0x080024d5   Thumb Code    34  stm32f0xx_syscfg.o(.text)
    SYSCFG_BreakConfig                       0x080024f7   Thumb Code    10  stm32f0xx_syscfg.o(.text)
    SYSCFG_GetFlagStatus                     0x08002501   Thumb Code    14  stm32f0xx_syscfg.o(.text)
    SYSCFG_ClearFlag                         0x0800250f   Thumb Code    10  stm32f0xx_syscfg.o(.text)
    ADC_DeInit                               0x0800251d   Thumb Code    28  stm32f0xx_adc.o(.text)
    ADC_Init                                 0x08002539   Thumb Code    38  stm32f0xx_adc.o(.text)
    ADC_StructInit                           0x0800255f   Thumb Code    16  stm32f0xx_adc.o(.text)
    ADC_Cmd                                  0x0800256f   Thumb Code    18  stm32f0xx_adc.o(.text)
    ADC_JitterCmd                            0x08002581   Thumb Code    16  stm32f0xx_adc.o(.text)
    ADC_AutoPowerOffCmd                      0x08002591   Thumb Code    20  stm32f0xx_adc.o(.text)
    ADC_WaitModeCmd                          0x080025a5   Thumb Code    20  stm32f0xx_adc.o(.text)
    ADC_AnalogWatchdogCmd                    0x080025b9   Thumb Code    20  stm32f0xx_adc.o(.text)
    ADC_AnalogWatchdogThresholdsConfig       0x080025cd   Thumb Code     8  stm32f0xx_adc.o(.text)
    ADC_AnalogWatchdogSingleChannelConfig    0x080025d5   Thumb Code    14  stm32f0xx_adc.o(.text)
    ADC_AnalogWatchdogSingleChannelCmd       0x080025e3   Thumb Code    20  stm32f0xx_adc.o(.text)
    ADC_TempSensorCmd                        0x080025f7   Thumb Code    22  stm32f0xx_adc.o(.text)
    ADC_VrefintCmd                           0x0800260d   Thumb Code    22  stm32f0xx_adc.o(.text)
    ADC_VbatCmd                              0x08002623   Thumb Code    22  stm32f0xx_adc.o(.text)
    ADC_ChannelConfig                        0x08002639   Thumb Code    10  stm32f0xx_adc.o(.text)
    ADC_ContinuousModeCmd                    0x08002643   Thumb Code    20  stm32f0xx_adc.o(.text)
    ADC_DiscModeCmd                          0x08002657   Thumb Code    20  stm32f0xx_adc.o(.text)
    ADC_OverrunModeCmd                       0x0800266b   Thumb Code    20  stm32f0xx_adc.o(.text)
    ADC_GetCalibrationFactor                 0x0800267f   Thumb Code    46  stm32f0xx_adc.o(.text)
    ADC_StopOfConversion                     0x080026ad   Thumb Code    10  stm32f0xx_adc.o(.text)
    ADC_StartOfConversion                    0x080026b7   Thumb Code    10  stm32f0xx_adc.o(.text)
    ADC_GetConversionValue                   0x080026c1   Thumb Code     6  stm32f0xx_adc.o(.text)
    ADC_DMACmd                               0x080026c7   Thumb Code    20  stm32f0xx_adc.o(.text)
    ADC_DMARequestModeConfig                 0x080026db   Thumb Code    16  stm32f0xx_adc.o(.text)
    ADC_ITConfig                             0x080026eb   Thumb Code    16  stm32f0xx_adc.o(.text)
    ADC_GetFlagStatus                        0x080026fb   Thumb Code    28  stm32f0xx_adc.o(.text)
    ADC_ClearFlag                            0x08002717   Thumb Code     4  stm32f0xx_adc.o(.text)
    ADC_GetITStatus                          0x0800271b   Thumb Code    22  stm32f0xx_adc.o(.text)
    ADC_ClearITPendingBit                    0x08002731   Thumb Code     4  stm32f0xx_adc.o(.text)
    Reset_Handler                            0x08002741   Thumb Code     8  startup_stm32f0xx.o(.text)
    ADC1_COMP_IRQHandler                     0x08002753   Thumb Code     0  startup_stm32f0xx.o(.text)
    CEC_IRQHandler                           0x08002753   Thumb Code     0  startup_stm32f0xx.o(.text)
    DMA1_Channel1_IRQHandler                 0x08002753   Thumb Code     0  startup_stm32f0xx.o(.text)
    DMA1_Channel2_3_IRQHandler               0x08002753   Thumb Code     0  startup_stm32f0xx.o(.text)
    DMA1_Channel4_5_IRQHandler               0x08002753   Thumb Code     0  startup_stm32f0xx.o(.text)
    EXTI2_3_IRQHandler                       0x08002753   Thumb Code     0  startup_stm32f0xx.o(.text)
    FLASH_IRQHandler                         0x08002753   Thumb Code     0  startup_stm32f0xx.o(.text)
    I2C1_IRQHandler                          0x08002753   Thumb Code     0  startup_stm32f0xx.o(.text)
    I2C2_IRQHandler                          0x08002753   Thumb Code     0  startup_stm32f0xx.o(.text)
    PVD_IRQHandler                           0x08002753   Thumb Code     0  startup_stm32f0xx.o(.text)
    RCC_IRQHandler                           0x08002753   Thumb Code     0  startup_stm32f0xx.o(.text)
    RTC_IRQHandler                           0x08002753   Thumb Code     0  startup_stm32f0xx.o(.text)
    SPI1_IRQHandler                          0x08002753   Thumb Code     0  startup_stm32f0xx.o(.text)
    SPI2_IRQHandler                          0x08002753   Thumb Code     0  startup_stm32f0xx.o(.text)
    TIM14_IRQHandler                         0x08002753   Thumb Code     0  startup_stm32f0xx.o(.text)
    TIM15_IRQHandler                         0x08002753   Thumb Code     0  startup_stm32f0xx.o(.text)
    TIM16_IRQHandler                         0x08002753   Thumb Code     0  startup_stm32f0xx.o(.text)
    TIM17_IRQHandler                         0x08002753   Thumb Code     0  startup_stm32f0xx.o(.text)
    TIM1_BRK_UP_TRG_COM_IRQHandler           0x08002753   Thumb Code     0  startup_stm32f0xx.o(.text)
    TIM1_CC_IRQHandler                       0x08002753   Thumb Code     0  startup_stm32f0xx.o(.text)
    TIM2_IRQHandler                          0x08002753   Thumb Code     0  startup_stm32f0xx.o(.text)
    TIM3_IRQHandler                          0x08002753   Thumb Code     0  startup_stm32f0xx.o(.text)
    TIM6_DAC_IRQHandler                      0x08002753   Thumb Code     0  startup_stm32f0xx.o(.text)
    TS_IRQHandler                            0x08002753   Thumb Code     0  startup_stm32f0xx.o(.text)
    USART2_IRQHandler                        0x08002753   Thumb Code     0  startup_stm32f0xx.o(.text)
    WWDG_IRQHandler                          0x08002753   Thumb Code     0  startup_stm32f0xx.o(.text)
    SystemInit                               0x0800275d   Thumb Code    84  system_stm32f0xx.o(.text)
    SystemCoreClockUpdate                    0x080027b1   Thumb Code    90  system_stm32f0xx.o(.text)
    __aeabi_uidiv                            0x080028b5   Thumb Code     0  uidiv.o(.text)
    __aeabi_uidivmod                         0x080028b5   Thumb Code    44  uidiv.o(.text)
    __aeabi_idiv                             0x080028e1   Thumb Code     0  idiv.o(.text)
    __aeabi_idivmod                          0x080028e1   Thumb Code    40  idiv.o(.text)
    __aeabi_fadd                             0x08002909   Thumb Code   162  fadd.o(.text)
    __aeabi_fsub                             0x080029ab   Thumb Code     8  fadd.o(.text)
    __aeabi_frsub                            0x080029b3   Thumb Code     8  fadd.o(.text)
    __aeabi_fmul                             0x080029bb   Thumb Code   122  fmul.o(.text)
    __aeabi_fdiv                             0x08002a35   Thumb Code   124  fdiv.o(.text)
    __aeabi_dadd                             0x08002ab1   Thumb Code   328  dadd.o(.text)
    __aeabi_dsub                             0x08002bf9   Thumb Code    12  dadd.o(.text)
    __aeabi_drsub                            0x08002c05   Thumb Code    12  dadd.o(.text)
    __aeabi_dmul                             0x08002c15   Thumb Code   202  dmul.o(.text)
    __aeabi_ddiv                             0x08002ce5   Thumb Code   234  ddiv.o(.text)
    __ARM_scalbn                             0x08002dd5   Thumb Code    44  dscalb.o(.text)
    scalbn                                   0x08002dd5   Thumb Code     0  dscalb.o(.text)
    __aeabi_ui2f                             0x08002e01   Thumb Code    14  ffltui.o(.text)
    __aeabi_f2iz                             0x08002e0f   Thumb Code    50  ffixi.o(.text)
    __aeabi_d2iz                             0x08002e41   Thumb Code    62  dfixi.o(.text)
    __aeabi_f2d                              0x08002e89   Thumb Code    40  f2d.o(.text)
    __aeabi_d2f                              0x08002eb1   Thumb Code    56  d2f.o(.text)
    __aeabi_llsl                             0x08002ee9   Thumb Code    32  llshl.o(.text)
    _ll_shift_l                              0x08002ee9   Thumb Code     0  llshl.o(.text)
    __aeabi_llsr                             0x08002f09   Thumb Code    34  llushr.o(.text)
    _ll_ushift_r                             0x08002f09   Thumb Code     0  llushr.o(.text)
    __aeabi_lasr                             0x08002f2b   Thumb Code    38  llsshr.o(.text)
    _ll_sshift_r                             0x08002f2b   Thumb Code     0  llsshr.o(.text)
    __I$use$fp                               0x08002f51   Thumb Code     0  iusefp.o(.text)
    _float_round                             0x08002f51   Thumb Code    16  fepilogue.o(.text)
    _float_epilogue                          0x08002f61   Thumb Code   114  fepilogue.o(.text)
    _double_round                            0x08002fd3   Thumb Code    26  depilogue.o(.text)
    _double_epilogue                         0x08002fed   Thumb Code   164  depilogue.o(.text)
    __aeabi_i2d                              0x08003091   Thumb Code    34  dflti.o(.text)
    __aeabi_cdcmpeq                          0x080030b9   Thumb Code     0  cdcmple.o(.text)
    __aeabi_cdcmple                          0x080030b9   Thumb Code    38  cdcmple.o(.text)
    __aeabi_cdrcmple                         0x080030e1   Thumb Code    38  cdrcmple.o(.text)
    __scatterload                            0x08003109   Thumb Code    28  init.o(.text)
    __scatterload_rt2                        0x08003109   Thumb Code     0  init.o(.text)
    _dsqrt                                   0x0800312d   Thumb Code   162  dsqrt.o(.text)
    __ARM_clz                                0x080031cf   Thumb Code    46  depilogue.o(i.__ARM_clz)
    __ARM_fpclassify                         0x080031fd   Thumb Code    40  fpclassify.o(i.__ARM_fpclassify)
    __kernel_poly                            0x08003229   Thumb Code   172  poly.o(i.__kernel_poly)
    __mathlib_dbl_divzero                    0x080032d5   Thumb Code    16  dunder.o(i.__mathlib_dbl_divzero)
    __mathlib_dbl_infnan                     0x080032e9   Thumb Code    10  dunder.o(i.__mathlib_dbl_infnan)
    __mathlib_dbl_infnan2                    0x080032f3   Thumb Code     8  dunder.o(i.__mathlib_dbl_infnan2)
    __mathlib_dbl_invalid                    0x080032fb   Thumb Code    16  dunder.o(i.__mathlib_dbl_invalid)
    __mathlib_dbl_overflow                   0x0800330d   Thumb Code    16  dunder.o(i.__mathlib_dbl_overflow)
    __mathlib_dbl_underflow                  0x08003321   Thumb Code    14  dunder.o(i.__mathlib_dbl_underflow)
    __scatterload_copy                       0x08003335   Thumb Code    14  handlers.o(i.__scatterload_copy)
    __scatterload_null                       0x08003343   Thumb Code     2  handlers.o(i.__scatterload_null)
    __scatterload_zeroinit                   0x08003345   Thumb Code    14  handlers.o(i.__scatterload_zeroinit)
    __set_errno                              0x08003355   Thumb Code     6  errno.o(i.__set_errno)
    exp                                      0x08003361   Thumb Code   542  exp.o(i.exp)
    log                                      0x080035dd   Thumb Code   790  log.o(i.log)
    pow                                      0x08003931   Thumb Code  2548  pow.o(i.pow)
    sqrt                                     0x0800432d   Thumb Code    66  sqrt.o(i.sqrt)
    BUTTON_PIN                               0x08004374   Data           2  stm32f0_discovery.o(.constdata)
    BUTTON_EXTI_LINE                         0x08004376   Data           2  stm32f0_discovery.o(.constdata)
    BUTTON_PORT_SOURCE                       0x08004378   Data           2  stm32f0_discovery.o(.constdata)
    BUTTON_PIN_SOURCE                        0x0800437a   Data           2  stm32f0_discovery.o(.constdata)
    BUTTON_IRQn                              0x0800437c   Data           2  stm32f0_discovery.o(.constdata)
    GPIO_PIN                                 0x0800437e   Data           4  stm32f0_discovery.o(.constdata)
    BUTTON_CLK                               0x08004384   Data           4  stm32f0_discovery.o(.constdata)
    GPIO_CLK                                 0x08004388   Data           8  stm32f0_discovery.o(.constdata)
    __mathlib_zero                           0x080044a8   Data           8  qnan.o(.constdata)
    Region$$Table$$Base                      0x080044b0   Number         0  anon$$obj.o(Region$$Table)
    Region$$Table$$Limit                     0x080044d0   Number         0  anon$$obj.o(Region$$Table)
    BTHQ21605V_CommStatus                    0x20000000   Data           4  bthq21605v.o(.data)
    rx_buffer                                0x20000004   Data           1  usart.o(.data)
    CurrentMode                              0x20000008   Data           4  buttons.o(.data)
    ServoPos                                 0x2000000c   Data           4  pwm.o(.data)
    TempDesired                              0x20000010   Data           4  pwm.o(.data)
    HumDesired                               0x20000014   Data           4  pwm.o(.data)
    TempBabyAcc                              0x20000018   Data           4  pwm.o(.data)
    HumAcc                                   0x2000001c   Data           4  pwm.o(.data)
    TempAcc                                  0x20000020   Data           4  pwm.o(.data)
    BUTTON_PORT                              0x20000024   Data           4  stm32f0_discovery.o(.data)
    GPIO_PORT                                0x20000028   Data           8  stm32f0_discovery.o(.data)
    SystemCoreClock                          0x20000040   Data           4  system_stm32f0xx.o(.data)
    AHBPrescTable                            0x20000044   Data          16  system_stm32f0xx.o(.data)
    __initial_sp                             0x20000458   Data           0  startup_stm32f0xx.o(STACK)



==============================================================================

Memory Map of the image

  Image Entry point : 0x080000c1

  Load Region LR_IROM1 (Base: 0x08000000, Size: 0x00004528, Max: 0x00010000, ABSOLUTE)

    Execution Region ER_IROM1 (Exec base: 0x08000000, Load base: 0x08000000, Size: 0x000044d0, Max: 0x00010000, ABSOLUTE)

    Exec Addr    Load Addr    Size         Type   Attr      Idx    E Section Name        Object

    0x08000000   0x08000000   0x000000c0   Data   RO          455    RESET               startup_stm32f0xx.o
    0x080000c0   0x080000c0   0x00000000   Code   RO          512  * .ARM.Collect$$$$00000000  mc_p.l(entry.o)
    0x080000c0   0x080000c0   0x00000004   Code   RO          570    .ARM.Collect$$$$00000001  mc_p.l(entry2.o)
    0x080000c4   0x080000c4   0x00000004   Code   RO          573    .ARM.Collect$$$$00000004  mc_p.l(entry5.o)
    0x080000c8   0x080000c8   0x00000000   Code   RO          575    .ARM.Collect$$$$00000008  mc_p.l(entry7b.o)
    0x080000c8   0x080000c8   0x00000000   Code   RO          577    .ARM.Collect$$$$0000000A  mc_p.l(entry8b.o)
    0x080000c8   0x080000c8   0x00000008   Code   RO          578    .ARM.Collect$$$$0000000B  mc_p.l(entry9a.o)
    0x080000d0   0x080000d0   0x00000000   Code   RO          580    .ARM.Collect$$$$0000000D  mc_p.l(entry10a.o)
    0x080000d0   0x080000d0   0x00000000   Code   RO          582    .ARM.Collect$$$$0000000F  mc_p.l(entry11a.o)
    0x080000d0   0x080000d0   0x00000004   Code   RO          571    .ARM.Collect$$$$00002712  mc_p.l(entry2.o)
    0x080000d4   0x080000d4   0x000000e0   Code   RO            2    .text               main.o
    0x080001b4   0x080001b4   0x000005c4   Code   RO          144    .text               bthq21605v.o
    0x08000778   0x08000778   0x00000124   Code   RO          164    .text               usart.o
    0x0800089c   0x0800089c   0x0000000e   Code   RO          184    .text               helper.o
    0x080008aa   0x080008aa   0x00000002   PAD
    0x080008ac   0x080008ac   0x00000084   Code   RO          200    .text               stm32f0xx_it.o
    0x08000930   0x08000930   0x00000124   Code   RO          223    .text               hih8120.o
    0x08000a54   0x08000a54   0x00000214   Code   RO          240    .text               buttons.o
    0x08000c68   0x08000c68   0x000001ac   Code   RO          260    .text               adc.o
    0x08000e14   0x08000e14   0x00000240   Code   RO          281    .text               pwm.o
    0x08001054   0x08001054   0x0000011c   Code   RO          303    .text               stm32f0_discovery.o
    0x08001170   0x08001170   0x0000091c   Code   RO          323    .text               stm32f0xx_tim.o
    0x08001a8c   0x08001a8c   0x000000d4   Code   RO          340    .text               stm32f0xx_exti.o
    0x08001b60   0x08001b60   0x0000015c   Code   RO          356    .text               stm32f0xx_gpio.o
    0x08001cbc   0x08001cbc   0x00000340   Code   RO          372    .text               stm32f0xx_i2c.o
    0x08001ffc   0x08001ffc   0x0000007c   Code   RO          388    .text               stm32f0xx_misc.o
    0x08002078   0x08002078   0x0000040c   Code   RO          404    .text               stm32f0xx_rcc.o
    0x08002484   0x08002484   0x00000098   Code   RO          422    .text               stm32f0xx_syscfg.o
    0x0800251c   0x0800251c   0x00000224   Code   RO          438    .text               stm32f0xx_adc.o
    0x08002740   0x08002740   0x0000001c   Code   RO          456    .text               startup_stm32f0xx.o
    0x0800275c   0x0800275c   0x00000158   Code   RO          461    .text               system_stm32f0xx.o
    0x080028b4   0x080028b4   0x0000002c   Code   RO          515    .text               mc_p.l(uidiv.o)
    0x080028e0   0x080028e0   0x00000028   Code   RO          517    .text               mc_p.l(idiv.o)
    0x08002908   0x08002908   0x000000b2   Code   RO          519    .text               mf_p.l(fadd.o)
    0x080029ba   0x080029ba   0x0000007a   Code   RO          521    .text               mf_p.l(fmul.o)
    0x08002a34   0x08002a34   0x0000007c   Code   RO          523    .text               mf_p.l(fdiv.o)
    0x08002ab0   0x08002ab0   0x00000164   Code   RO          525    .text               mf_p.l(dadd.o)
    0x08002c14   0x08002c14   0x000000d0   Code   RO          527    .text               mf_p.l(dmul.o)
    0x08002ce4   0x08002ce4   0x000000f0   Code   RO          529    .text               mf_p.l(ddiv.o)
    0x08002dd4   0x08002dd4   0x0000002c   Code   RO          531    .text               mf_p.l(dscalb.o)
    0x08002e00   0x08002e00   0x0000000e   Code   RO          533    .text               mf_p.l(ffltui.o)
    0x08002e0e   0x08002e0e   0x00000032   Code   RO          535    .text               mf_p.l(ffixi.o)
    0x08002e40   0x08002e40   0x00000048   Code   RO          537    .text               mf_p.l(dfixi.o)
    0x08002e88   0x08002e88   0x00000028   Code   RO          539    .text               mf_p.l(f2d.o)
    0x08002eb0   0x08002eb0   0x00000038   Code   RO          541    .text               mf_p.l(d2f.o)
    0x08002ee8   0x08002ee8   0x00000020   Code   RO          584    .text               mc_p.l(llshl.o)
    0x08002f08   0x08002f08   0x00000022   Code   RO          586    .text               mc_p.l(llushr.o)
    0x08002f2a   0x08002f2a   0x00000026   Code   RO          588    .text               mc_p.l(llsshr.o)
    0x08002f50   0x08002f50   0x00000000   Code   RO          597    .text               mc_p.l(iusefp.o)
    0x08002f50   0x08002f50   0x00000082   Code   RO          598    .text               mf_p.l(fepilogue.o)
    0x08002fd2   0x08002fd2   0x000000be   Code   RO          600    .text               mf_p.l(depilogue.o)
    0x08003090   0x08003090   0x00000028   Code   RO          604    .text               mf_p.l(dflti.o)
    0x080030b8   0x080030b8   0x00000028   Code   RO          606    .text               mf_p.l(cdcmple.o)
    0x080030e0   0x080030e0   0x00000028   Code   RO          608    .text               mf_p.l(cdrcmple.o)
    0x08003108   0x08003108   0x00000024   Code   RO          610    .text               mc_p.l(init.o)
    0x0800312c   0x0800312c   0x000000a2   Code   RO          612    .text               mf_p.l(dsqrt.o)
    0x080031ce   0x080031ce   0x0000002e   Code   RO          602    i.__ARM_clz         mf_p.l(depilogue.o)
    0x080031fc   0x080031fc   0x0000002c   Code   RO          557    i.__ARM_fpclassify  m_ps.l(fpclassify.o)
    0x08003228   0x08003228   0x000000ac   Code   RO          559    i.__kernel_poly     m_ps.l(poly.o)
    0x080032d4   0x080032d4   0x00000014   Code   RO          543    i.__mathlib_dbl_divzero  m_ps.l(dunder.o)
    0x080032e8   0x080032e8   0x0000000a   Code   RO          544    i.__mathlib_dbl_infnan  m_ps.l(dunder.o)
    0x080032f2   0x080032f2   0x00000008   Code   RO          545    i.__mathlib_dbl_infnan2  m_ps.l(dunder.o)
    0x080032fa   0x080032fa   0x00000010   Code   RO          546    i.__mathlib_dbl_invalid  m_ps.l(dunder.o)
    0x0800330a   0x0800330a   0x00000002   PAD
    0x0800330c   0x0800330c   0x00000014   Code   RO          547    i.__mathlib_dbl_overflow  m_ps.l(dunder.o)
    0x08003320   0x08003320   0x00000014   Code   RO          549    i.__mathlib_dbl_underflow  m_ps.l(dunder.o)
    0x08003334   0x08003334   0x0000000e   Code   RO          616    i.__scatterload_copy  mc_p.l(handlers.o)
    0x08003342   0x08003342   0x00000002   Code   RO          617    i.__scatterload_null  mc_p.l(handlers.o)
    0x08003344   0x08003344   0x0000000e   Code   RO          618    i.__scatterload_zeroinit  mc_p.l(handlers.o)
    0x08003352   0x08003352   0x00000002   PAD
    0x08003354   0x08003354   0x0000000c   Code   RO          592    i.__set_errno       mc_p.l(errno.o)
    0x08003360   0x08003360   0x0000027c   Code   RO          483    i.exp               m_ps.l(exp.o)
    0x080035dc   0x080035dc   0x00000354   Code   RO          493    i.log               m_ps.l(log.o)
    0x08003930   0x08003930   0x000009fc   Code   RO          503    i.pow               m_ps.l(pow.o)
    0x0800432c   0x0800432c   0x00000048   Code   RO          563    i.sqrt              m_ps.l(sqrt.o)
    0x08004374   0x08004374   0x0000001c   Data   RO          304    .constdata          stm32f0_discovery.o
    0x08004390   0x08004390   0x00000058   Data   RO          484    .constdata          m_ps.l(exp.o)
    0x080043e8   0x080043e8   0x00000038   Data   RO          494    .constdata          m_ps.l(log.o)
    0x08004420   0x08004420   0x00000088   Data   RO          504    .constdata          m_ps.l(pow.o)
    0x080044a8   0x080044a8   0x00000008   Data   RO          561    .constdata          m_ps.l(qnan.o)
    0x080044b0   0x080044b0   0x00000020   Data   RO          614    Region$$Table       anon$$obj.o


    Execution Region RW_IRAM1 (Exec base: 0x20000000, Load base: 0x080044d0, Size: 0x00000458, Max: 0x00002000, ABSOLUTE)

    Exec Addr    Load Addr    Size         Type   Attr      Idx    E Section Name        Object

    0x20000000   0x080044d0   0x00000004   Data   RW          145    .data               bthq21605v.o
    0x20000004   0x080044d4   0x00000001   Data   RW          165    .data               usart.o
    0x20000005   0x080044d5   0x00000003   PAD
    0x20000008   0x080044d8   0x00000004   Data   RW          241    .data               buttons.o
    0x2000000c   0x080044dc   0x0000000c   Data   RW          282    .data               pwm.o
    0x20000018   0x080044e8   0x00000004   Data   RW          283    .data               pwm.o
    0x2000001c   0x080044ec   0x00000004   Data   RW          284    .data               pwm.o
    0x20000020   0x080044f0   0x00000004   Data   RW          285    .data               pwm.o
    0x20000024   0x080044f4   0x0000000c   Data   RW          305    .data               stm32f0_discovery.o
    0x20000030   0x08004500   0x00000010   Data   RW          405    .data               stm32f0xx_rcc.o
    0x20000040   0x08004510   0x00000014   Data   RW          462    .data               system_stm32f0xx.o
    0x20000054   0x08004524   0x00000004   Data   RW          593    .data               mc_p.l(errno.o)
    0x20000058        -       0x00000400   Zero   RW          453    STACK               startup_stm32f0xx.o


==============================================================================

Image component sizes


      Code (inc. data)   RO Data    RW Data    ZI Data      Debug   Object Name

       428         66          0          0          0       1782   adc.o
      1476        120          0          4          0       4661   bthq21605v.o
       532         34          0          4          0       1671   buttons.o
        14          0          0          0          0        496   helper.o
       292         32          0          0          0       1604   hih8120.o
       224         42          0          0          0     142411   main.o
       576         52          0         24          0       2717   pwm.o
        28          8        192          0       1024        648   startup_stm32f0xx.o
       284         10         28         12          0       2995   stm32f0_discovery.o
       548         12          0          0          0       7323   stm32f0xx_adc.o
       212         14          0          0          0       2527   stm32f0xx_exti.o
       348         22          0          0          0       4033   stm32f0xx_gpio.o
       832         24          0          0          0      10302   stm32f0xx_i2c.o
       132          8          0          0          0       1312   stm32f0xx_it.o
       124         16          0          0          0       1568   stm32f0xx_misc.o
      1036         38          0         16          0       9010   stm32f0xx_rcc.o
       152          4          0          0          0       2106   stm32f0xx_syscfg.o
      2332        122          0          0          0      22727   stm32f0xx_tim.o
       344         28          0         20          0       1839   system_stm32f0xx.o
       292         20          0          1          0       2545   usart.o

    ----------------------------------------------------------------------
     10208        672        252         84       1024     224277   Object Totals
         0          0         32          0          0          0   (incl. Generated)
         2          0          0          3          0          0   (incl. Padding)

    ----------------------------------------------------------------------

      Code (inc. data)   RO Data    RW Data    ZI Data      Debug   Library Member Name

        94         14          0          0          0        408   dunder.o
       636         94         88          0          0        132   exp.o
        44          4          0          0          0         60   fpclassify.o
       852         62         56          0          0        136   log.o
       172          0          0          0          0         76   poly.o
      2556        196        136          0          0        240   pow.o
         0          0          8          0          0          0   qnan.o
        72          6          0          0          0         76   sqrt.o
         0          0          0          0          0          0   entry.o
         0          0          0          0          0          0   entry10a.o
         0          0          0          0          0          0   entry11a.o
         8          4          0          0          0          0   entry2.o
         4          0          0          0          0          0   entry5.o
         0          0          0          0          0          0   entry7b.o
         0          0          0          0          0          0   entry8b.o
         8          4          0          0          0          0   entry9a.o
        12          6          0          4          0         60   errno.o
        30          0          0          0          0          0   handlers.o
        40          0          0          0          0         72   idiv.o
        36          8          0          0          0         68   init.o
         0          0          0          0          0          0   iusefp.o
        32          0          0          0          0         68   llshl.o
        38          0          0          0          0         68   llsshr.o
        34          0          0          0          0         68   llushr.o
        44          0          0          0          0         72   uidiv.o
        40          2          0          0          0         68   cdcmple.o
        40          2          0          0          0         68   cdrcmple.o
        56          0          0          0          0         68   d2f.o
       356          4          0          0          0        140   dadd.o
       240          6          0          0          0         84   ddiv.o
       236          0          0          0          0        216   depilogue.o
        72         10          0          0          0         72   dfixi.o
        40          6          0          0          0         68   dflti.o
       208          6          0          0          0         88   dmul.o
        44          0          0          0          0         72   dscalb.o
       162          0          0          0          0         80   dsqrt.o
        40          0          0          0          0         60   f2d.o
       178          0          0          0          0        108   fadd.o
       124          0          0          0          0         72   fdiv.o
       130          0          0          0          0        144   fepilogue.o
        50          0          0          0          0         60   ffixi.o
        14          0          0          0          0         68   ffltui.o
       122          0          0          0          0         72   fmul.o

    ----------------------------------------------------------------------
      6868        434        288          4          0       3212   Library Totals
         4          0          0          0          0          0   (incl. Padding)

    ----------------------------------------------------------------------

      Code (inc. data)   RO Data    RW Data    ZI Data      Debug   Library Name

      4426        376        288          0          0       1128   m_ps.l
       286         22          0          4          0        476   mc_p.l
      2152         36          0          0          0       1608   mf_p.l

    ----------------------------------------------------------------------
      6868        434        288          4          0       3212   Library Totals

    ----------------------------------------------------------------------

==============================================================================


      Code (inc. data)   RO Data    RW Data    ZI Data      Debug   

     17076       1106        540         88       1024     224017   Grand Totals
     17076       1106        540         88       1024     224017   ELF Image Totals
     17076       1106        540         88          0          0   ROM Totals

==============================================================================

    Total RO  Size (Code + RO Data)                17616 (  17.20kB)
    Total RW  Size (RW Data + ZI Data)              1112 (   1.09kB)
    Total ROM Size (Code + RO Data + RW Data)      17704 (  17.29kB)

==============================================================================

